Archive member included to satisfy reference by file (symbol)

D:/Switch-files/projects/devkitPro/libnx/lib\libnx.a(applet.o)
                              file_explorer.o (appletMainLoop)
D:/Switch-files/projects/devkitPro/libnx/lib\libnx.a(set.o)
                              main.o (setInitialize)
D:/Switch-files/projects/devkitPro/libnx/lib\libnx.a(sm.o)
                              D:/Switch-files/projects/devkitPro/libnx/lib\libnx.a(applet.o) (smGetServiceWrapper)
D:/Switch-files/projects/devkitPro/libnx/lib\libnx.a(diag.o)
                              D:/Switch-files/projects/devkitPro/libnx/lib\libnx.a(applet.o) (diagAbortWithResult)
D:/Switch-files/projects/devkitPro/libnx/lib\libnx.a(env.o)
                              D:/Switch-files/projects/devkitPro/libnx/lib\libnx.a(applet.o) (envIsNso)
D:/Switch-files/projects/devkitPro/libnx/lib\libnx.a(hosversion.o)
                              D:/Switch-files/projects/devkitPro/libnx/lib\libnx.a(applet.o) (hosversionGet)
D:/Switch-files/projects/devkitPro/libnx/lib\libnx.a(pad.o)
                              file_explorer.o (padConfigureInput)
D:/Switch-files/projects/devkitPro/libnx/lib\libnx.a(resolver.o)
                              install.o (freeaddrinfo)
D:/Switch-files/projects/devkitPro/libnx/lib\libnx.a(console.o)
                              main.o (consoleInit)
D:/Switch-files/projects/devkitPro/libnx/lib\libnx.a(console_sw.o)
                              D:/Switch-files/projects/devkitPro/libnx/lib\libnx.a(console.o) (getDefaultConsoleRenderer)
D:/Switch-files/projects/devkitPro/libnx/lib\libnx.a(socket.o)
                              main.o (select)
D:/Switch-files/projects/devkitPro/libnx/lib\libnx.a(inet_addr.o)
                              D:/Switch-files/projects/devkitPro/libnx/lib\libnx.a(resolver.o) (inet_ntop)
D:/Switch-files/projects/devkitPro/libnx/lib\libnx.a(svc.o)
                              D:/Switch-files/projects/devkitPro/libnx/lib\libnx.a(applet.o) (svcExitProcess)
D:/Switch-files/projects/devkitPro/libnx/lib\libnx.a(readtp.o)
                              D:/Switch-files/projects/devkitPro/libnx/lib\libnx.a(resolver.o) (__aarch64_read_tp)
D:/Switch-files/projects/devkitPro/libnx/lib\libnx.a(switch_crt0.o)
                              (_start)
D:/Switch-files/projects/devkitPro/libnx/lib\libnx.a(default_font.bin.o)
                              D:/Switch-files/projects/devkitPro/libnx/lib\libnx.a(console.o) (default_font_bin)
D:/Switch-files/projects/devkitPro/libnx/lib\libnx.a(event.o)
                              D:/Switch-files/projects/devkitPro/libnx/lib\libnx.a(applet.o) (eventLoadRemote)
D:/Switch-files/projects/devkitPro/libnx/lib\libnx.a(mutex.o)
                              D:/Switch-files/projects/devkitPro/libnx/lib\libnx.a(applet.o) (mutexLock)
D:/Switch-files/projects/devkitPro/libnx/lib\libnx.a(tmem.o)
                              D:/Switch-files/projects/devkitPro/libnx/lib\libnx.a(applet.o) (tmemCreate)
D:/Switch-files/projects/devkitPro/libnx/lib\libnx.a(virtmem.o)
                              D:/Switch-files/projects/devkitPro/libnx/lib\libnx.a(tmem.o) (virtmemLock)
D:/Switch-files/projects/devkitPro/libnx/lib\libnx.a(wait.o)
                              D:/Switch-files/projects/devkitPro/libnx/lib\libnx.a(applet.o) (waitObjects)
D:/Switch-files/projects/devkitPro/libnx/lib\libnx.a(apm.o)
                              D:/Switch-files/projects/devkitPro/libnx/lib\libnx.a(applet.o) (apmInitialize)
D:/Switch-files/projects/devkitPro/libnx/lib\libnx.a(bsd.o)
                              D:/Switch-files/projects/devkitPro/libnx/lib\libnx.a(socket.o) (g_bsdResult)
D:/Switch-files/projects/devkitPro/libnx/lib\libnx.a(hid.o)
                              D:/Switch-files/projects/devkitPro/libnx/lib\libnx.a(pad.o) (hidGetNpadStyleSet)
D:/Switch-files/projects/devkitPro/libnx/lib\libnx.a(nifm.o)
                              D:/Switch-files/projects/devkitPro/libnx/lib\libnx.a(resolver.o) (nifmInitialize)
D:/Switch-files/projects/devkitPro/libnx/lib\libnx.a(sfdnsres.o)
                              D:/Switch-files/projects/devkitPro/libnx/lib\libnx.a(resolver.o) (sfdnsresGetHostByNameRequest)
D:/Switch-files/projects/devkitPro/libnx/lib\libnx.a(ssl.o)
                              D:/Switch-files/projects/devkitPro/libnx/lib\libnx.a(socket.o) (sslConnectionSetSocketDescriptor)
D:/Switch-files/projects/devkitPro/libnx/lib\libnx.a(default_window.o)
                              D:/Switch-files/projects/devkitPro/libnx/lib\libnx.a(console_sw.o) (nwindowGetDefault)
D:/Switch-files/projects/devkitPro/libnx/lib\libnx.a(framebuffer.o)
                              D:/Switch-files/projects/devkitPro/libnx/lib\libnx.a(console_sw.o) (framebufferMakeLinear)
D:/Switch-files/projects/devkitPro/libnx/lib\libnx.a(native_window.o)
                              D:/Switch-files/projects/devkitPro/libnx/lib\libnx.a(framebuffer.o) (nwindowIsValid)
[...]
Memory Configuration

Name             Origin             Length             Attributes
*default*        0x0000000000000000 0xffffffffffffffff

Linker script and memory map

                0x0000000000000000                PROVIDE (__start__ = 0x0)
                0x0000000000000000                . = __start__
                [!provide]                        PROVIDE (__code_start = .)

.text           0x0000000000000000    0x370f0
 *(.crt0)
 .crt0          0x0000000000000000      0x124 D:/Switch-files/projects/devkitPro/libnx/lib\libnx.a(switch_crt0.o)
                0x0000000000000000                _start
                0x00000000000000e0                __nx_exit
                0x00000000000000f0                __nx_mod0
 *(.text.unlikely .text.*_unlikely .text.unlikely.*)
 *(.text.exit .text.exit.*)
 *fill*         0x0000000000000124       0x1c 
 .text.exit     0x0000000000000140       0x34 D:/Switch-files/projects/devkitPro/devkitA64/bin/../lib/gcc/aarch64-none-elf/15.1.0/../../../../aarch64-none-elf/lib/pic\libg.a(libc_a-exit.o)
                0x0000000000000140                exit
 *(.text.startup .text.startup.*)
 *fill*         0x0000000000000174        0xc 
 .text.startup.main
                0x0000000000000180      0xfac main.o
                0x0000000000000180                main
 *(.text.hot .text.hot.*)
 *(.text .stub .text.* .gnu.linkonce.t.*)
 *fill*         0x000000000000112c       0x14 
 .text.__do_global_dtors_aux
                0x0000000000001140       0x50 D:/Switch-files/projects/devkitPro/devkitA64/bin/../lib/gcc/aarch64-none-elf/15.1.0/pic/crtbegin.o
 *fill*         0x0000000000001190       0x10 
 .text.frame_dummy
                0x00000000000011a0       0x24 D:/Switch-files/projects/devkitPro/devkitA64/bin/../lib/gcc/aarch64-none-elf/15.1.0/pic/crtbegin.o
 *fill*         0x00000000000011c4        0xc 
 .text.file_explorer_open
                0x00000000000011d0      0x1d8 file_explorer.o
                0x00000000000011d0                file_explorer_open
 *fill*         0x00000000000013a8        0x8 
 .text.list_directory
                0x00000000000013b0      0x30c fs.o
                0x00000000000013b0                list_directory
 *fill*         0x00000000000016bc        0x4 
 .text.fs_dump_console_text
                0x00000000000016c0      0x104 fs.o
                0x00000000000016c0                fs_dump_console_text
 *fill*         0x00000000000017c4        0xc 
 .text.fs_restore_console_text
                0x00000000000017d0       0x7c fs.o
                0x00000000000017d0                fs_restore_console_text
 *fill*         0x000000000000184c        0x4 
 .text.fs_dump_file
                0x0000000000001850      0x140 fs.o
                0x0000000000001850                fs_dump_file
 .text.fs_restore_file
                0x0000000000001990       0xd4 fs.o
                0x0000000000001990                fs_restore_file
 *fill*         0x0000000000001a64        0xc 
 .text.path_is_zip
                0x0000000000001a70       0x48 functions.o
                0x0000000000001a70                path_is_zip
 *fill*         0x0000000000001ab8        0x8 
 .text.directory_is_empty
                0x0000000000001ac0       0x94 functions.o
                0x0000000000001ac0                directory_is_empty
 *fill*         0x0000000000001b54        0xc 
 .text.graphics_draw_icon
                0x0000000000001b60       0xa8 graphics.o
                0x0000000000001b60                graphics_draw_icon
 *fill*         0x0000000000001c08        0x8 
 .text.http_download_to_file.constprop.0
                0x0000000000001c10      0x9a4 install.o
 *fill*         0x00000000000025b4        0xc 
 .text.scan_installs
                0x00000000000025c0       0x7c install.o
                0x00000000000025c0                scan_installs
 *fill*         0x000000000000263c        0x4 
 .text.staged_install
                0x0000000000002640      0x130 install.o
                0x0000000000002640                staged_install
 .text.prompt_confirm
                0x0000000000002770       0xb0 main.o
 .text.parental_force_report
                0x0000000000002820        0x8 parental.o
                0x0000000000002820                parental_force_report
 *fill*         0x0000000000002828        0x8 
 .text.save_settings
                0x0000000000002830       0xcc settings.o
                0x0000000000002830                save_settings
 *fill*         0x00000000000028fc        0x4 
 .text.load_settings
                0x0000000000002900      0x208 settings.o
                0x0000000000002900                load_settings
 *fill*         0x0000000000002b08        0x8 
 .text.apply_theme
                0x0000000000002b10        0x4 settings.o
                0x0000000000002b10                apply_theme
 *fill*         0x0000000000002b14        0xc 
 .text.settings_menu
                0x0000000000002b20      0x1f8 settings.o
                0x0000000000002b20                settings_menu
 *fill*         0x0000000000002d18        0x8 
 .text.render_text_view
                0x0000000000002d20      0x180 ui.o
                0x0000000000002d20                render_text_view
 .text.show_install_list
                0x0000000000002ea0       0xf4 ui.o
                0x0000000000002ea0                show_install_list
 *fill*         0x0000000000002f94        0xc 
 .text.render_active_view
                0x0000000000002fa0       0xbc ui.o
                0x0000000000002fa0                render_active_view
 *fill*         0x000000000000305c        0x4 
 .text._appletInfiniteSleepLoop
                0x0000000000003060       0x18 D:/Switch-files/projects/devkitPro/libnx/lib\libnx.a(applet.o)
 *fill*         0x0000000000003078        0x8 
 .text._appletCmdGetSession
                0x0000000000003080      0x108 D:/Switch-files/projects/devkitPro/libnx/lib\libnx.a(applet.o)
 *fill*         0x0000000000003188        0x8 
 .text._appletCmdInU8NoOut
                0x0000000000003190       0xcc D:/Switch-files/projects/devkitPro/libnx/lib\libnx.a(applet.o)
 *fill*         0x000000000000325c        0x4 
 .text._appletCmdInU32NoOut
                0x0000000000003260       0xcc D:/Switch-files/projects/devkitPro/libnx/lib\libnx.a(applet.o)
 *fill*         0x000000000000332c        0x4 
 .text._appletGetSessionProxy.constprop.0
                0x0000000000003330      0x12c D:/Switch-files/projects/devkitPro/libnx/lib\libnx.a(applet.o)
 *fill*         0x000000000000345c        0x4 
 .text._appletOpenLibraryAppletProxy.constprop.0
                0x0000000000003460      0x148 D:/Switch-files/projects/devkitPro/libnx/lib\libnx.a(applet.o)
 *fill*         0x00000000000035a8        0x8 
 .text._appletCmdGetEvent
                0x00000000000035b0       0xf8 D:/Switch-files/projects/devkitPro/libnx/lib\libnx.a(applet.o)
 *fill*         0x00000000000036a8        0x8 
 .text._appletCmdNoInOutU8.isra.0
                0x00000000000036b0       0xd4 D:/Switch-files/projects/devkitPro/libnx/lib\libnx.a(applet.o)
 *fill*         0x0000000000003784        0xc 
 .text._appletCmdNoInOutU32.isra.0
                0x0000000000003790       0xd4 D:/Switch-files/projects/devkitPro/libnx/lib\libnx.a(applet.o)
 *fill*         0x0000000000003864        0xc 
 .text._appletCmdNoInOutU64.isra.0
                0x0000000000003870       0xd4 D:/Switch-files/projects/devkitPro/libnx/lib\libnx.a(applet.o)
 *fill*         0x0000000000003944        0xc 
 .text._appletCmdNoIO.isra.0
                0x0000000000003950       0xc0 D:/Switch-files/projects/devkitPro/libnx/lib\libnx.a(applet.o)
 .text.appletGetAppletType
                0x0000000000003a10       0x10 D:/Switch-files/projects/devkitPro/libnx/lib\libnx.a(applet.o)
                0x0000000000003a10                appletGetAppletType
 .text.appletSetFocusHandlingMode
                0x0000000000003a20      0x1b8 D:/Switch-files/projects/devkitPro/libnx/lib\libnx.a(applet.o)
                0x0000000000003a20                appletSetFocusHandlingMode
 *fill*         0x0000000000003bd8        0x8 
 .text.appletSetCpuBoostMode
                0x0000000000003be0       0x5c D:/Switch-files/projects/devkitPro/libnx/lib\libnx.a(applet.o)
                0x0000000000003be0                appletSetCpuBoostMode
 *fill*         0x0000000000003c3c        0x4 
 .text.appletCreateManagedDisplayLayer
                0x0000000000003c40       0x2c D:/Switch-files/projects/devkitPro/libnx/lib\libnx.a(applet.o)
                0x0000000000003c40                appletCreateManagedDisplayLayer
 *fill*         0x0000000000003c6c        0x4 
 .text.appletGetAppletResourceUserId
                0x0000000000003c70        0xc D:/Switch-files/projects/devkitPro/libnx/lib\libnx.a(applet.o)
                0x0000000000003c70                appletGetAppletResourceUserId
 *fill*         0x0000000000003c7c        0x4 
 .text._appletHolderCreateState
                0x0000000000003c80      0x138 D:/Switch-files/projects/devkitPro/libnx/lib\libnx.a(applet.o)
 *fill*         0x0000000000003db8        0x8 
 .text.appletHolderClose
                0x0000000000003dc0       0xb0 D:/Switch-files/projects/devkitPro/libnx/lib\libnx.a(applet.o)
                0x0000000000003dc0                appletHolderClose
 .text.appletHolderGetLibraryAppletInfo
                0x0000000000003e70       0x24 D:/Switch-files/projects/devkitPro/libnx/lib\libnx.a(applet.o)
                0x0000000000003e70                appletHolderGetLibraryAppletInfo
 *fill*         0x0000000000003e94        0xc 
 .text.appletNotifyRunning
                0x0000000000003ea0       0x90 D:/Switch-files/projects/devkitPro/libnx/lib\libnx.a(applet.o)
                0x0000000000003ea0                appletNotifyRunning
 .text.appletSetGamePlayRecordingState
                0x0000000000003f30       0x78 D:/Switch-files/projects/devkitPro/libnx/lib\libnx.a(applet.o)
                0x0000000000003f30                appletSetGamePlayRecordingState
 *fill*         0x0000000000003fa8        0x8 
 .text._appletCleanup
                0x0000000000003fb0      0xad4 D:/Switch-files/projects/devkitPro/libnx/lib\libnx.a(applet.o)
 *fill*         0x0000000000004a84        0xc 
 .text.appletExit
                0x0000000000004a90       0x48 D:/Switch-files/projects/devkitPro/libnx/lib\libnx.a(applet.o)
                0x0000000000004a90                appletExit
 *fill*         0x0000000000004ad8        0x8 
 .text.appletGetLibraryAppletInfo
                0x0000000000004ae0       0x40 D:/Switch-files/projects/devkitPro/libnx/lib\libnx.a(applet.o)
                0x0000000000004ae0                appletGetLibraryAppletInfo
 .text.appletInitialize
                0x0000000000004b20      0xc14 D:/Switch-files/projects/devkitPro/libnx/lib\libnx.a(applet.o)
                0x0000000000004b20                appletInitialize
 *fill*         0x0000000000005734        0xc 
 .text._appletExitProcess
                0x0000000000005740       0x24 D:/Switch-files/projects/devkitPro/libnx/lib\libnx.a(applet.o)
 *fill*         0x0000000000005764        0xc 
 .text.appletGetMessage
                0x0000000000005770       0x74 D:/Switch-files/projects/devkitPro/libnx/lib\libnx.a(applet.o)
                0x0000000000005770                appletGetMessage
 *fill*         0x00000000000057e4        0xc 
 .text.appletProcessMessage
                0x00000000000057f0      0x264 D:/Switch-files/projects/devkitPro/libnx/lib\libnx.a(applet.o)
                0x00000000000057f0                appletProcessMessage
 *fill*         0x0000000000005a54        0xc 
 .text.appletMainLoop
                0x0000000000005a60       0x34 D:/Switch-files/projects/devkitPro/libnx/lib\libnx.a(applet.o)
                0x0000000000005a60                appletMainLoop
 *fill*         0x0000000000005a94        0xc 
 .text._setsysGetFirmwareVersionImpl
                0x0000000000005aa0       0xd0 D:/Switch-files/projects/devkitPro/libnx/lib\libnx.a(set.o)
 .text._setCleanup
                0x0000000000005b70       0x78 D:/Switch-files/projects/devkitPro/libnx/lib\libnx.a(set.o)
 *fill*         0x0000000000005be8        0x8 
 .text._setsysCleanup
                0x0000000000005bf0       0x78 D:/Switch-files/projects/devkitPro/libnx/lib\libnx.a(set.o)
 *fill*         0x0000000000005c68        0x8 
 .text._setCmdNoInOutU32.isra.0
                0x0000000000005c70       0xc8 D:/Switch-files/projects/devkitPro/libnx/lib\libnx.a(set.o)
 *fill*         0x0000000000005d38        0x8 
 .text._setCmdNoInOut64.isra.0
                0x0000000000005d40       0xc8 D:/Switch-files/projects/devkitPro/libnx/lib\libnx.a(set.o)
 *fill*         0x0000000000005e08        0x8 
 .text.setInitialize
                0x0000000000005e10       0xa0 D:/Switch-files/projects/devkitPro/libnx/lib\libnx.a(set.o)
                0x0000000000005e10                setInitialize
 .text.setExit  0x0000000000005eb0       0x48 D:/Switch-files/projects/devkitPro/libnx/lib\libnx.a(set.o)
                0x0000000000005eb0                setExit
 *fill*         0x0000000000005ef8        0x8 
 .text.setsysInitialize
                0x0000000000005f00       0xa0 D:/Switch-files/projects/devkitPro/libnx/lib\libnx.a(set.o)
                0x0000000000005f00                setsysInitialize
 .text.setsysExit
                0x0000000000005fa0       0x48 D:/Switch-files/projects/devkitPro/libnx/lib\libnx.a(set.o)
                0x0000000000005fa0                setsysExit
 *fill*         0x0000000000005fe8        0x8 
 .text.setGetLanguageCode
                0x0000000000005ff0       0x1c D:/Switch-files/projects/devkitPro/libnx/lib\libnx.a(set.o)
                0x0000000000005ff0                setGetLanguageCode
 *fill*         0x000000000000600c        0x4 
 .text.setGetSystemLanguage
                0x0000000000006010        0x4 D:/Switch-files/projects/devkitPro/libnx/lib\libnx.a(set.o)
                0x0000000000006010                setGetSystemLanguage
 *fill*         0x0000000000006014        0xc 
 .text.setGetAvailableLanguageCodeCount
                0x0000000000006020       0x70 D:/Switch-files/projects/devkitPro/libnx/lib\libnx.a(set.o)
                0x0000000000006020                setGetAvailableLanguageCodeCount
 .text.setGetAvailableLanguageCodes
                0x0000000000006090      0x174 D:/Switch-files/projects/devkitPro/libnx/lib\libnx.a(set.o)
                0x0000000000006090                setGetAvailableLanguageCodes
 *fill*         0x0000000000006204        0xc 
 .text.setMakeLanguage
                0x0000000000006210      0x108 D:/Switch-files/projects/devkitPro/libnx/lib\libnx.a(set.o)
                0x0000000000006210                setMakeLanguage
 *fill*         0x0000000000006318        0x8 
 .text.setsysGetFirmwareVersion
                0x0000000000006320       0x48 D:/Switch-files/projects/devkitPro/libnx/lib\libnx.a(set.o)
                0x0000000000006320                setsysGetFirmwareVersion
 *fill*         0x0000000000006368        0x8 
 .text._smCmifCmdInPid
                0x0000000000006370       0xcc D:/Switch-files/projects/devkitPro/libnx/lib\libnx.a(sm.o)
 *fill*         0x000000000000643c        0x4 
 .text._smCleanup
                0x0000000000006440       0x78 D:/Switch-files/projects/devkitPro/libnx/lib\libnx.a(sm.o)
 *fill*         0x00000000000064b8        0x8 
 .text.smAddOverrideHandle
                0x00000000000064c0       0x48 D:/Switch-files/projects/devkitPro/libnx/lib\libnx.a(sm.o)
                0x00000000000064c0                smAddOverrideHandle
 *fill*         0x0000000000006508        0x8 
 .text.smGetServiceOverride
                0x0000000000006510       0x54 D:/Switch-files/projects/devkitPro/libnx/lib\libnx.a(sm.o)
                0x0000000000006510                smGetServiceOverride
 *fill*         0x0000000000006564        0xc 
 .text.smInitialize
                0x0000000000006570      0x1ac D:/Switch-files/projects/devkitPro/libnx/lib\libnx.a(sm.o)
                0x0000000000006570                smInitialize
 *fill*         0x000000000000671c        0x4 
 .text.smExit   0x0000000000006720       0x48 D:/Switch-files/projects/devkitPro/libnx/lib\libnx.a(sm.o)
                0x0000000000006720                smExit
 *fill*         0x0000000000006768        0x8 
 .text.smGetServiceOriginal
                0x0000000000006770       0xd0 D:/Switch-files/projects/devkitPro/libnx/lib\libnx.a(sm.o)
                0x0000000000006770                smGetServiceOriginal
 .text.smGetServiceWrapper
                0x0000000000006840      0x120 D:/Switch-files/projects/devkitPro/libnx/lib\libnx.a(sm.o)
                0x0000000000006840                smGetServiceWrapper
 .text.diagAbortWithResult
                0x0000000000006960       0x1c D:/Switch-files/projects/devkitPro/libnx/lib\libnx.a(diag.o)
                0x0000000000006960                diagAbortWithResult
 *fill*         0x000000000000697c        0x4 
 .text.envSetup
                0x0000000000006980      0x208 D:/Switch-files/projects/devkitPro/libnx/lib\libnx.a(env.o)
                0x0000000000006980                envSetup
 *fill*         0x0000000000006b88        0x8 
 .text.envGetMainThreadHandle
                0x0000000000006b90       0x20 D:/Switch-files/projects/devkitPro/libnx/lib\libnx.a(env.o)
                0x0000000000006b90                envGetMainThreadHandle
 .text.envIsNso
                0x0000000000006bb0        0xc D:/Switch-files/projects/devkitPro/libnx/lib\libnx.a(env.o)
                0x0000000000006bb0                envIsNso
 *fill*         0x0000000000006bbc        0x4 
 .text.envHasHeapOverride
                0x0000000000006bc0       0x14 D:/Switch-files/projects/devkitPro/libnx/lib\libnx.a(env.o)
                0x0000000000006bc0                envHasHeapOverride
 *fill*         0x0000000000006bd4        0xc 
 .text.envGetHeapOverrideAddr
                0x0000000000006be0        0xc D:/Switch-files/projects/devkitPro/libnx/lib\libnx.a(env.o)
                0x0000000000006be0                envGetHeapOverrideAddr
 *fill*         0x0000000000006bec        0x4 
 .text.envGetHeapOverrideSize
                0x0000000000006bf0        0xc D:/Switch-files/projects/devkitPro/libnx/lib\libnx.a(env.o)
                0x0000000000006bf0                envGetHeapOverrideSize
 *fill*         0x0000000000006bfc        0x4 
 .text.envHasArgv
                0x0000000000006c00       0x14 D:/Switch-files/projects/devkitPro/libnx/lib\libnx.a(env.o)
                0x0000000000006c00                envHasArgv
 *fill*         0x0000000000006c14        0xc 
 .text.envGetArgv
                0x0000000000006c20        0xc D:/Switch-files/projects/devkitPro/libnx/lib\libnx.a(env.o)
                0x0000000000006c20                envGetArgv
 *fill*         0x0000000000006c2c        0x4 
 .text.envGetExitFuncPtr
                0x0000000000006c30        0xc D:/Switch-files/projects/devkitPro/libnx/lib\libnx.a(env.o)
                0x0000000000006c30                envGetExitFuncPtr
 *fill*         0x0000000000006c3c        0x4 
 .text.envSetExitFuncPtr
                0x0000000000006c40        0xc D:/Switch-files/projects/devkitPro/libnx/lib\libnx.a(env.o)
                0x0000000000006c40                envSetExitFuncPtr
 *fill*         0x0000000000006c4c        0x4 
 .text.envHasRandomSeed
                0x0000000000006c50        0xc D:/Switch-files/projects/devkitPro/libnx/lib\libnx.a(env.o)
                0x0000000000006c50                envHasRandomSeed
 *fill*         0x0000000000006c5c        0x4 
 .text.envGetRandomSeed
                0x0000000000006c60       0x10 D:/Switch-files/projects/devkitPro/libnx/lib\libnx.a(env.o)
                0x0000000000006c60                envGetRandomSeed
 .text.hosversionGet
                0x0000000000006c70       0x14 D:/Switch-files/projects/devkitPro/libnx/lib\libnx.a(hosversion.o)
                0x0000000000006c70                hosversionGet
 *fill*         0x0000000000006c84        0xc 
 .text.hosversionSet
                0x0000000000006c90       0x10 D:/Switch-files/projects/devkitPro/libnx/lib\libnx.a(hosversion.o)
                0x0000000000006c90                hosversionSet
 .text.padConfigureInput
                0x0000000000006ca0       0x9c D:/Switch-files/projects/devkitPro/libnx/lib\libnx.a(pad.o)
                0x0000000000006ca0                padConfigureInput
 *fill*         0x0000000000006d3c        0x4 
 .text.padInitializeWithMask
                0x0000000000006d40       0x24 D:/Switch-files/projects/devkitPro/libnx/lib\libnx.a(pad.o)
                0x0000000000006d40                padInitializeWithMask
 *fill*         0x0000000000006d64        0xc 
 .text.padUpdate
                0x0000000000006d70      0x294 D:/Switch-files/projects/devkitPro/libnx/lib\libnx.a(pad.o)
                0x0000000000006d70                padUpdate
 *fill*         0x0000000000007004        0xc 
 .text.freeaddrinfo
                0x0000000000007010       0x38 D:/Switch-files/projects/devkitPro/libnx/lib\libnx.a(resolver.o)
                0x0000000000007010                freeaddrinfo
 *fill*         0x0000000000007048        0x8 
 .text.getaddrinfo
                0x0000000000007050      0x5a0 D:/Switch-files/projects/devkitPro/libnx/lib\libnx.a(resolver.o)
                0x0000000000007050                getaddrinfo
 .text.consoleDrawChar
                0x00000000000075f0       0x48 D:/Switch-files/projects/devkitPro/libnx/lib\libnx.a(console.o)
 *fill*         0x0000000000007638        0x8 
 .text.parseColor
                0x0000000000007640      0x21c D:/Switch-files/projects/devkitPro/libnx/lib\libnx.a(console.o)
 *fill*         0x000000000000785c        0x4 
 .text.consoleNewRow
                0x0000000000007860       0xb4 D:/Switch-files/projects/devkitPro/libnx/lib\libnx.a(console.o)
 *fill*         0x0000000000007914        0xc 
 .text.con_write
                0x0000000000007920      0xbf8 D:/Switch-files/projects/devkitPro/libnx/lib\libnx.a(console.o)
 *fill*         0x0000000000008518        0x8 
 .text.consoleInit
                0x0000000000008520      0x154 D:/Switch-files/projects/devkitPro/libnx/lib\libnx.a(console.o)
                0x0000000000008520                consoleInit
 *fill*         0x0000000000008674        0xc 
 .text.consoleExit
                0x0000000000008680       0x44 D:/Switch-files/projects/devkitPro/libnx/lib\libnx.a(console.o)
                0x0000000000008680                consoleExit
 *fill*         0x00000000000086c4        0xc 
 .text.consoleUpdate
                0x00000000000086d0       0x2c D:/Switch-files/projects/devkitPro/libnx/lib\libnx.a(console.o)
                0x00000000000086d0                consoleUpdate
 *fill*         0x00000000000086fc        0x4 
 .text.ConsoleSwRenderer_drawChar
                0x0000000000008700      0x1bc D:/Switch-files/projects/devkitPro/libnx/lib\libnx.a(console_sw.o)
 *fill*         0x00000000000088bc        0x4 
 .text.ConsoleSwRenderer_init
                0x00000000000088c0       0xe8 D:/Switch-files/projects/devkitPro/libnx/lib\libnx.a(console_sw.o)
 *fill*         0x00000000000089a8        0x8 
 .text.ConsoleSwRenderer_flushAndSwap
                0x00000000000089b0       0x78 D:/Switch-files/projects/devkitPro/libnx/lib\libnx.a(console_sw.o)
 *fill*         0x0000000000008a28        0x8 
 .text.ConsoleSwRenderer_scrollWindow
                0x0000000000008a30       0xd4 D:/Switch-files/projects/devkitPro/libnx/lib\libnx.a(console_sw.o)
 *fill*         0x0000000000008b04        0xc 
 .text.ConsoleSwRenderer_deinit
                0x0000000000008b10       0x50 D:/Switch-files/projects/devkitPro/libnx/lib\libnx.a(console_sw.o)
 .text.getDefaultConsoleRenderer
                0x0000000000008b60        0xc D:/Switch-files/projects/devkitPro/libnx/lib\libnx.a(console_sw.o)
                0x0000000000008b60                getDefaultConsoleRenderer
 *fill*         0x0000000000008b6c        0x4 
 .text._socketGetFd
                0x0000000000008b70       0x7c D:/Switch-files/projects/devkitPro/libnx/lib\libnx.a(socket.o)
 *fill*         0x0000000000008bec        0x4 
 .text._socketParseBsdResult.part.0
                0x0000000000008bf0       0xa4 D:/Switch-files/projects/devkitPro/libnx/lib\libnx.a(socket.o)
 *fill*         0x0000000000008c94        0xc 
 .text.select   0x0000000000008ca0      0x72c D:/Switch-files/projects/devkitPro/libnx/lib\libnx.a(socket.o)
                0x0000000000008ca0                select
 *fill*         0x00000000000093cc        0x4 
 .text.socket   0x00000000000093d0       0x98 D:/Switch-files/projects/devkitPro/libnx/lib\libnx.a(socket.o)
                0x00000000000093d0                socket
 *fill*         0x0000000000009468        0x8 
 .text.recv     0x0000000000009470       0x5c D:/Switch-files/projects/devkitPro/libnx/lib\libnx.a(socket.o)
                0x0000000000009470                recv
 *fill*         0x00000000000094cc        0x4 
 .text.send     0x00000000000094d0       0x5c D:/Switch-files/projects/devkitPro/libnx/lib\libnx.a(socket.o)
                0x00000000000094d0                send
 *fill*         0x000000000000952c        0x4 
 .text.connect  0x0000000000009530       0x60 D:/Switch-files/projects/devkitPro/libnx/lib\libnx.a(socket.o)
                0x0000000000009530                connect
 .text.svcSetHeapSize
                0x0000000000009590       0x14 D:/Switch-files/projects/devkitPro/libnx/lib\libnx.a(svc.o)
                0x0000000000009590                svcSetHeapSize
 .text.svcSetMemoryPermission
                0x00000000000095a4        0x8 D:/Switch-files/projects/devkitPro/libnx/lib\libnx.a(svc.o)
                0x00000000000095a4                svcSetMemoryPermission
 .text.svcSetMemoryAttribute
                0x00000000000095ac        0x8 D:/Switch-files/projects/devkitPro/libnx/lib\libnx.a(svc.o)
                0x00000000000095ac                svcSetMemoryAttribute
 .text.svcUnmapMemory
                0x00000000000095b4        0x8 D:/Switch-files/projects/devkitPro/libnx/lib\libnx.a(svc.o)
                0x00000000000095b4                svcUnmapMemory
 .text.svcQueryMemory
                0x00000000000095bc       0x14 D:/Switch-files/projects/devkitPro/libnx/lib\libnx.a(svc.o)
                0x00000000000095bc                svcQueryMemory
 .text.svcExitProcess
                0x00000000000095d0        0x8 D:/Switch-files/projects/devkitPro/libnx/lib\libnx.a(svc.o)
                0x00000000000095d0                svcExitProcess
 .text.svcSleepThread
                0x00000000000095d8        0x8 D:/Switch-files/projects/devkitPro/libnx/lib\libnx.a(svc.o)
                0x00000000000095d8                svcSleepThread
 .text.svcMapSharedMemory
                0x00000000000095e0        0x8 D:/Switch-files/projects/devkitPro/libnx/lib\libnx.a(svc.o)
                0x00000000000095e0                svcMapSharedMemory
 .text.svcUnmapSharedMemory
                0x00000000000095e8        0x8 D:/Switch-files/projects/devkitPro/libnx/lib\libnx.a(svc.o)
                0x00000000000095e8                svcUnmapSharedMemory
 .text.svcCreateTransferMemory
                0x00000000000095f0       0x14 D:/Switch-files/projects/devkitPro/libnx/lib\libnx.a(svc.o)
                0x00000000000095f0                svcCreateTransferMemory
 .text.svcCloseHandle
                0x0000000000009604        0x8 D:/Switch-files/projects/devkitPro/libnx/lib\libnx.a(svc.o)
                0x0000000000009604                svcCloseHandle
 .text.svcResetSignal
                0x000000000000960c        0x8 D:/Switch-files/projects/devkitPro/libnx/lib\libnx.a(svc.o)
                0x000000000000960c                svcResetSignal
 .text.svcWaitSynchronization
                0x0000000000009614       0x14 D:/Switch-files/projects/devkitPro/libnx/lib\libnx.a(svc.o)
                0x0000000000009614                svcWaitSynchronization
 .text.svcArbitrateLock
                0x0000000000009628        0x8 D:/Switch-files/projects/devkitPro/libnx/lib\libnx.a(svc.o)
                0x0000000000009628                svcArbitrateLock
 .text.svcArbitrateUnlock
                0x0000000000009630        0x8 D:/Switch-files/projects/devkitPro/libnx/lib\libnx.a(svc.o)
                0x0000000000009630                svcArbitrateUnlock
 .text.svcWaitProcessWideKeyAtomic
                0x0000000000009638        0x8 D:/Switch-files/projects/devkitPro/libnx/lib\libnx.a(svc.o)
                0x0000000000009638                svcWaitProcessWideKeyAtomic
 .text.svcSignalProcessWideKey
                0x0000000000009640        0x8 D:/Switch-files/projects/devkitPro/libnx/lib\libnx.a(svc.o)
                0x0000000000009640                svcSignalProcessWideKey
 .text.svcConnectToNamedPort
                0x0000000000009648       0x14 D:/Switch-files/projects/devkitPro/libnx/lib\libnx.a(svc.o)
                0x0000000000009648                svcConnectToNamedPort
 .text.svcSendSyncRequest
                0x000000000000965c        0x8 D:/Switch-files/projects/devkitPro/libnx/lib\libnx.a(svc.o)
                0x000000000000965c                svcSendSyncRequest
 .text.svcBreak
                0x0000000000009664        0x8 D:/Switch-files/projects/devkitPro/libnx/lib\libnx.a(svc.o)
                0x0000000000009664                svcBreak
 .text.svcReturnFromException
                0x000000000000966c        0x8 D:/Switch-files/projects/devkitPro/libnx/lib\libnx.a(svc.o)
                0x000000000000966c                svcReturnFromException
 .text.svcGetInfo
                0x0000000000009674       0x14 D:/Switch-files/projects/devkitPro/libnx/lib\libnx.a(svc.o)
                0x0000000000009674                svcGetInfo
 .text.svcUnmapTransferMemory
                0x0000000000009688        0x8 D:/Switch-files/projects/devkitPro/libnx/lib\libnx.a(svc.o)
                0x0000000000009688                svcUnmapTransferMemory
 .text.__aarch64_read_tp
                0x0000000000009690        0xc D:/Switch-files/projects/devkitPro/libnx/lib\libnx.a(readtp.o)
                0x0000000000009690                __aarch64_read_tp
 *fill*         0x000000000000969c        0x4 
 .text.eventLoadRemote
                0x00000000000096a0        0xc D:/Switch-files/projects/devkitPro/libnx/lib\libnx.a(event.o)
                0x00000000000096a0                eventLoadRemote
 *fill*         0x00000000000096ac        0x4 
 .text.eventWait
                0x00000000000096b0       0x34 D:/Switch-files/projects/devkitPro/libnx/lib\libnx.a(event.o)
                0x00000000000096b0                eventWait
 *fill*         0x00000000000096e4        0xc 
 .text.eventClose
                0x00000000000096f0       0x54 D:/Switch-files/projects/devkitPro/libnx/lib\libnx.a(event.o)
                0x00000000000096f0                eventClose
 *fill*         0x0000000000009744        0xc 
 .text.mutexLock
                0x0000000000009750       0xc8 D:/Switch-files/projects/devkitPro/libnx/lib\libnx.a(mutex.o)
                0x0000000000009750                mutexLock
 *fill*         0x0000000000009818        0x8 
 .text.mutexUnlock
                0x0000000000009820       0x68 D:/Switch-files/projects/devkitPro/libnx/lib\libnx.a(mutex.o)
                0x0000000000009820                mutexUnlock
 *fill*         0x0000000000009888        0x8 
 .text.mutexIsLockedByCurrentThread
                0x0000000000009890       0x1c D:/Switch-files/projects/devkitPro/libnx/lib\libnx.a(mutex.o)
                0x0000000000009890                mutexIsLockedByCurrentThread
 *fill*         0x00000000000098ac        0x4 
 .text.rmutexLock
                0x00000000000098b0       0x58 D:/Switch-files/projects/devkitPro/libnx/lib\libnx.a(mutex.o)
                0x00000000000098b0                rmutexLock
 *fill*         0x0000000000009908        0x8 
 .text.rmutexUnlock
                0x0000000000009910       0x1c D:/Switch-files/projects/devkitPro/libnx/lib\libnx.a(mutex.o)
                0x0000000000009910                rmutexUnlock
 *fill*         0x000000000000992c        0x4 
 .text.tmemCreate
                0x0000000000009930       0xa8 D:/Switch-files/projects/devkitPro/libnx/lib\libnx.a(tmem.o)
                0x0000000000009930                tmemCreate
 *fill*         0x00000000000099d8        0x8 
 .text.tmemUnmap
                0x00000000000099e0       0x34 D:/Switch-files/projects/devkitPro/libnx/lib\libnx.a(tmem.o)
                0x00000000000099e0                tmemUnmap
 *fill*         0x0000000000009a14        0xc 
 .text.tmemCloseHandle
                0x0000000000009a20       0x30 D:/Switch-files/projects/devkitPro/libnx/lib\libnx.a(tmem.o)
                0x0000000000009a20                tmemCloseHandle
 .text.tmemWaitForPermission
                0x0000000000009a50       0x9c D:/Switch-files/projects/devkitPro/libnx/lib\libnx.a(tmem.o)
                0x0000000000009a50                tmemWaitForPermission
 *fill*         0x0000000000009aec        0x4 
 .text.tmemClose
                0x0000000000009af0       0x50 D:/Switch-files/projects/devkitPro/libnx/lib\libnx.a(tmem.o)
                0x0000000000009af0                tmemClose
 .text._memregionInitWithInfo
                0x0000000000009b40       0x64 D:/Switch-files/projects/devkitPro/libnx/lib\libnx.a(virtmem.o)
 *fill*         0x0000000000009ba4        0xc 
 .text.__libnx_virtmem_rng
                0x0000000000009bb0        0x4 D:/Switch-files/projects/devkitPro/libnx/lib\libnx.a(virtmem.o)
                0x0000000000009bb0                __libnx_virtmem_rng
 *fill*         0x0000000000009bb4        0xc 
 .text._memregionFindRandom
                0x0000000000009bc0      0x164 D:/Switch-files/projects/devkitPro/libnx/lib\libnx.a(virtmem.o)
 *fill*         0x0000000000009d24        0xc 
 .text.virtmemSetup
                0x0000000000009d30      0x140 D:/Switch-files/projects/devkitPro/libnx/lib\libnx.a(virtmem.o)
                0x0000000000009d30                virtmemSetup
 .text.virtmemLock
                0x0000000000009e70        0xc D:/Switch-files/projects/devkitPro/libnx/lib\libnx.a(virtmem.o)
                0x0000000000009e70                virtmemLock
 *fill*         0x0000000000009e7c        0x4 
 .text.virtmemUnlock
                0x0000000000009e80        0xc D:/Switch-files/projects/devkitPro/libnx/lib\libnx.a(virtmem.o)
                0x0000000000009e80                virtmemUnlock
 *fill*         0x0000000000009e8c        0x4 
 .text.virtmemFindAslr
                0x0000000000009e90       0x50 D:/Switch-files/projects/devkitPro/libnx/lib\libnx.a(virtmem.o)
                0x0000000000009e90                virtmemFindAslr
 .text.waitObjects
                0x0000000000009ee0      0x57c D:/Switch-files/projects/devkitPro/libnx/lib\libnx.a(wait.o)
                0x0000000000009ee0                waitObjects
 *fill*         0x000000000000a45c        0x4 
 .text._apmCleanup
                0x000000000000a460       0xd4 D:/Switch-files/projects/devkitPro/libnx/lib\libnx.a(apm.o)
 *fill*         0x000000000000a534        0xc 
 .text.apmInitialize
                0x000000000000a540      0x194 D:/Switch-files/projects/devkitPro/libnx/lib\libnx.a(apm.o)
                0x000000000000a540                apmInitialize
 *fill*         0x000000000000a6d4        0xc 
 .text.apmExit  0x000000000000a6e0       0x48 D:/Switch-files/projects/devkitPro/libnx/lib\libnx.a(apm.o)
                0x000000000000a6e0                apmExit
 *fill*         0x000000000000a728        0x8 
 .text.apmSetPerformanceConfiguration
                0x000000000000a730       0xc8 D:/Switch-files/projects/devkitPro/libnx/lib\libnx.a(apm.o)
                0x000000000000a730                apmSetPerformanceConfiguration
 *fill*         0x000000000000a7f8        0x8 
 .text._bsdCmdInDomainTypeProtocol
                0x000000000000a800      0x144 D:/Switch-files/projects/devkitPro/libnx/lib\libnx.a(bsd.o)
 *fill*         0x000000000000a944        0xc 
 .text._bsdCmdInSockfdSockaddr
                0x000000000000a950      0x1ac D:/Switch-files/projects/devkitPro/libnx/lib\libnx.a(bsd.o)
 *fill*         0x000000000000aafc        0x4 
 .text.bsdSocket
                0x000000000000ab00        0x8 D:/Switch-files/projects/devkitPro/libnx/lib\libnx.a(bsd.o)
                0x000000000000ab00                bsdSocket
 *fill*         0x000000000000ab08        0x8 
 .text.bsdPoll  0x000000000000ab10      0x250 D:/Switch-files/projects/devkitPro/libnx/lib\libnx.a(bsd.o)
                0x000000000000ab10                bsdPoll
 .text.bsdRecv  0x000000000000ad60      0x1bc D:/Switch-files/projects/devkitPro/libnx/lib\libnx.a(bsd.o)
                0x000000000000ad60                bsdRecv
 *fill*         0x000000000000af1c        0x4 
 .text.bsdSend  0x000000000000af20      0x1c8 D:/Switch-files/projects/devkitPro/libnx/lib\libnx.a(bsd.o)
                0x000000000000af20                bsdSend
 *fill*         0x000000000000b0e8        0x8 
 .text.bsdConnect
                0x000000000000b0f0        0x8 D:/Switch-files/projects/devkitPro/libnx/lib\libnx.a(bsd.o)
                0x000000000000b0f0                bsdConnect
 *fill*         0x000000000000b0f8        0x8 
 .text._hidCleanup
                0x000000000000b100      0x12c D:/Switch-files/projects/devkitPro/libnx/lib\libnx.a(hid.o)
 *fill*         0x000000000000b22c        0x4 
 .text._hidCmdInAruidNoOut
                0x000000000000b230       0xd4 D:/Switch-files/projects/devkitPro/libnx/lib\libnx.a(hid.o)
 *fill*         0x000000000000b304        0xc 
 .text._hidCmdInU32AruidNoOut
                0x000000000000b310       0xe0 D:/Switch-files/projects/devkitPro/libnx/lib\libnx.a(hid.o)
 .text._hidGetStates
                0x000000000000b3f0      0x194 D:/Switch-files/projects/devkitPro/libnx/lib\libnx.a(hid.o)
 *fill*         0x000000000000b584        0xc 
 .text.hidInitialize
                0x000000000000b590      0x26c D:/Switch-files/projects/devkitPro/libnx/lib\libnx.a(hid.o)
                0x000000000000b590                hidInitialize
 *fill*         0x000000000000b7fc        0x4 
 .text.hidExit  0x000000000000b800       0x48 D:/Switch-files/projects/devkitPro/libnx/lib\libnx.a(hid.o)
                0x000000000000b800                hidExit
 *fill*         0x000000000000b848        0x8 
 .text.hidGetSharedmemAddr
                0x000000000000b850        0xc D:/Switch-files/projects/devkitPro/libnx/lib\libnx.a(hid.o)
                0x000000000000b850                hidGetSharedmemAddr
 *fill*         0x000000000000b85c        0x4 
 .text.hidGetNpadStyleSet
                0x000000000000b860       0x90 D:/Switch-files/projects/devkitPro/libnx/lib\libnx.a(hid.o)
                0x000000000000b860                hidGetNpadStyleSet
 .text.hidInitializeNpad
                0x000000000000b8f0       0x84 D:/Switch-files/projects/devkitPro/libnx/lib\libnx.a(hid.o)
                0x000000000000b8f0                hidInitializeNpad
 *fill*         0x000000000000b974        0xc 
 .text.hidGetNpadStatesFullKey
                0x000000000000b980       0xa4 D:/Switch-files/projects/devkitPro/libnx/lib\libnx.a(hid.o)
                0x000000000000b980                hidGetNpadStatesFullKey
 *fill*         0x000000000000ba24        0xc 
 .text.hidGetNpadStatesHandheld
                0x000000000000ba30       0xa4 D:/Switch-files/projects/devkitPro/libnx/lib\libnx.a(hid.o)
                0x000000000000ba30                hidGetNpadStatesHandheld
 *fill*         0x000000000000bad4        0xc 
 .text.hidGetNpadStatesJoyDual
                0x000000000000bae0       0xa4 D:/Switch-files/projects/devkitPro/libnx/lib\libnx.a(hid.o)
                0x000000000000bae0                hidGetNpadStatesJoyDual
 *fill*         0x000000000000bb84        0xc 
 .text.hidGetNpadStatesJoyLeft
                0x000000000000bb90       0xa4 D:/Switch-files/projects/devkitPro/libnx/lib\libnx.a(hid.o)
                0x000000000000bb90                hidGetNpadStatesJoyLeft
 *fill*         0x000000000000bc34        0xc 
 .text.hidGetNpadStatesJoyRight
                0x000000000000bc40       0xa4 D:/Switch-files/projects/devkitPro/libnx/lib\libnx.a(hid.o)
                0x000000000000bc40                hidGetNpadStatesJoyRight
 *fill*         0x000000000000bce4        0xc 
 .text.hidGetNpadStatesGc
                0x000000000000bcf0      0x144 D:/Switch-files/projects/devkitPro/libnx/lib\libnx.a(hid.o)
                0x000000000000bcf0                hidGetNpadStatesGc
 *fill*         0x000000000000be34        0xc 
 .text.hidGetNpadStatesSystemExt
                0x000000000000be40       0xa8 D:/Switch-files/projects/devkitPro/libnx/lib\libnx.a(hid.o)
                0x000000000000be40                hidGetNpadStatesSystemExt
 *fill*         0x000000000000bee8        0x8 
 .text.hidSetSupportedNpadStyleSet
                0x000000000000bef0        0x8 D:/Switch-files/projects/devkitPro/libnx/lib\libnx.a(hid.o)
                0x000000000000bef0                hidSetSupportedNpadStyleSet
 *fill*         0x000000000000bef8        0x8 
 .text.hidSetSupportedNpadIdType
                0x000000000000bf00      0x100 D:/Switch-files/projects/devkitPro/libnx/lib\libnx.a(hid.o)
                0x000000000000bf00                hidSetSupportedNpadIdType
 .text.sfdnsresGetAddrInfoRequest
                0x000000000000c000      0x2ac D:/Switch-files/projects/devkitPro/libnx/lib\libnx.a(sfdnsres.o)
                0x000000000000c000                sfdnsresGetAddrInfoRequest
 *fill*         0x000000000000c2ac        0x4 
 .text.nwindowGetDefault
                0x000000000000c2b0        0xc D:/Switch-files/projects/devkitPro/libnx/lib\libnx.a(default_window.o)
                0x000000000000c2b0                nwindowGetDefault
 *fill*         0x000000000000c2bc        0x4 
 .text.__nx_win_init
                0x000000000000c2c0       0xa4 D:/Switch-files/projects/devkitPro/libnx/lib\libnx.a(default_window.o)
                0x000000000000c2c0                __nx_win_init
 *fill*         0x000000000000c364        0xc 
 .text.__nx_win_exit
                0x000000000000c370       0x34 D:/Switch-files/projects/devkitPro/libnx/lib\libnx.a(default_window.o)
                0x000000000000c370                __nx_win_exit
 *fill*         0x000000000000c3a4        0xc 
 .text.framebufferMakeLinear
                0x000000000000c3b0       0x8c D:/Switch-files/projects/devkitPro/libnx/lib\libnx.a(framebuffer.o)
                0x000000000000c3b0                framebufferMakeLinear
 *fill*         0x000000000000c43c        0x4 
 .text.framebufferClose
                0x000000000000c440       0x84 D:/Switch-files/projects/devkitPro/libnx/lib\libnx.a(framebuffer.o)
                0x000000000000c440                framebufferClose
 *fill*         0x000000000000c4c4        0xc 
 .text.framebufferCreate
                0x000000000000c4d0      0x290 D:/Switch-files/projects/devkitPro/libnx/lib\libnx.a(framebuffer.o)
                0x000000000000c4d0                framebufferCreate
 .text.framebufferBegin
                0x000000000000c760       0x7c D:/Switch-files/projects/devkitPro/libnx/lib\libnx.a(framebuffer.o)
                0x000000000000c760                framebufferBegin
 *fill*         0x000000000000c7dc        0x4 
 .text.framebufferEnd
                0x000000000000c7e0      0x190 D:/Switch-files/projects/devkitPro/libnx/lib\libnx.a(framebuffer.o)
                0x000000000000c7e0                framebufferEnd
 .text.nwindowIsValid
                0x000000000000c970       0x24 D:/Switch-files/projects/devkitPro/libnx/lib\libnx.a(native_window.o)
                0x000000000000c970                nwindowIsValid
 *fill*         0x000000000000c994        0xc 
 .text.nwindowClose
                0x000000000000c9a0       0x7c D:/Switch-files/projects/devkitPro/libnx/lib\libnx.a(native_window.o)
                0x000000000000c9a0                nwindowClose
 *fill*         0x000000000000ca1c        0x4 
 .text.nwindowCreate
                0x000000000000ca20       0xf8 D:/Switch-files/projects/devkitPro/libnx/lib\libnx.a(native_window.o)
                0x000000000000ca20                nwindowCreate
 *fill*         0x000000000000cb18        0x8 
 .text.nwindowCreateFromLayer
                0x000000000000cb20       0x38 D:/Switch-files/projects/devkitPro/libnx/lib\libnx.a(native_window.o)
                0x000000000000cb20                nwindowCreateFromLayer
 *fill*         0x000000000000cb58        0x8 
 .text.nwindowSetDimensions
                0x000000000000cb60       0x84 D:/Switch-files/projects/devkitPro/libnx/lib\libnx.a(native_window.o)
                0x000000000000cb60                nwindowSetDimensions
 *fill*         0x000000000000cbe4        0xc 
 .text.nwindowConfigureBuffer
                0x000000000000cbf0      0x180 D:/Switch-files/projects/devkitPro/libnx/lib\libnx.a(native_window.o)
                0x000000000000cbf0                nwindowConfigureBuffer
 .text.nwindowDequeueBuffer
                0x000000000000cd70      0x1cc D:/Switch-files/projects/devkitPro/libnx/lib\libnx.a(native_window.o)
                0x000000000000cd70                nwindowDequeueBuffer
 *fill*         0x000000000000cf3c        0x4 
 .text.nwindowQueueBuffer
                0x000000000000cf40      0x12c D:/Switch-files/projects/devkitPro/libnx/lib\libnx.a(native_window.o)
                0x000000000000cf40                nwindowQueueBuffer
 *fill*         0x000000000000d06c        0x4 
 .text.nwindowReleaseBuffers
                0x000000000000d070       0xbc D:/Switch-files/projects/devkitPro/libnx/lib\libnx.a(native_window.o)
                0x000000000000d070                nwindowReleaseBuffers
 *fill*         0x000000000000d12c        0x4 
 .text.__libnx_alloc
                0x000000000000d130        0x4 D:/Switch-files/projects/devkitPro/libnx/lib\libnx.a(alloc.o)
                0x000000000000d130                __libnx_alloc
 *fill*         0x000000000000d134        0xc 
 .text.__libnx_aligned_alloc
                0x000000000000d140       0x14 D:/Switch-files/projects/devkitPro/libnx/lib\libnx.a(alloc.o)
                0x000000000000d140                __libnx_aligned_alloc
 *fill*         0x000000000000d154        0xc 
 .text.__libnx_free
                0x000000000000d160        0x4 D:/Switch-files/projects/devkitPro/libnx/lib\libnx.a(alloc.o)
                0x000000000000d160                __libnx_free
 *fill*         0x000000000000d164        0xc 
 .text.argvSetup
                0x000000000000d170      0x314 D:/Switch-files/projects/devkitPro/libnx/lib\libnx.a(argv.o)
                0x000000000000d170                argvSetup
 *fill*         0x000000000000d484        0xc 
 .text.__nx_dynamic
                0x000000000000d490      0x1fc D:/Switch-files/projects/devkitPro/libnx/lib\libnx.a(dynamic.o)
                0x000000000000d490                __nx_dynamic
 *fill*         0x000000000000d68c        0x4 
 .text.__libnx_initheap
                0x000000000000d690       0xd0 D:/Switch-files/projects/devkitPro/libnx/lib\libnx.a(init.o)
                0x000000000000d690                __libnx_initheap
 .text.__appInit
                0x000000000000d760       0xec D:/Switch-files/projects/devkitPro/libnx/lib\libnx.a(init.o)
                0x000000000000d760                __appInit
 *fill*         0x000000000000d84c        0x4 
 .text.__appExit
                0x000000000000d850       0x44 D:/Switch-files/projects/devkitPro/libnx/lib\libnx.a(init.o)
                0x000000000000d850                __appExit
 *fill*         0x000000000000d894        0xc 
 .text.__libnx_init
                0x000000000000d8a0       0x2c D:/Switch-files/projects/devkitPro/libnx/lib\libnx.a(init.o)
                0x000000000000d8a0                __libnx_init
 *fill*         0x000000000000d8cc        0x4 
 .text.__libnx_exit
                0x000000000000d8d0       0x1c D:/Switch-files/projects/devkitPro/libnx/lib\libnx.a(init.o)
                0x000000000000d8d0                __libnx_exit
 *fill*         0x000000000000d8ec        0x4 
 .text.__syscall_exit
                0x000000000000d8f0       0x1c D:/Switch-files/projects/devkitPro/libnx/lib\libnx.a(newlib.o)
                0x000000000000d8f0                __syscall_exit
 *fill*         0x000000000000d90c        0x4 
 .text.__syscall_getreent
                0x000000000000d910       0x34 D:/Switch-files/projects/devkitPro/libnx/lib\libnx.a(newlib.o)
                0x000000000000d910                __syscall_getreent
 *fill*         0x000000000000d944        0xc 
 .text.__syscall_lock_acquire
                0x000000000000d950        0x4 D:/Switch-files/projects/devkitPro/libnx/lib\libnx.a(newlib.o)
                0x000000000000d950                __syscall_lock_acquire
 *fill*         0x000000000000d954        0xc 
 .text.__syscall_lock_release
                0x000000000000d960        0x4 D:/Switch-files/projects/devkitPro/libnx/lib\libnx.a(newlib.o)
                0x000000000000d960                __syscall_lock_release
 *fill*         0x000000000000d964        0xc 
 .text.__syscall_lock_acquire_recursive
                0x000000000000d970        0x4 D:/Switch-files/projects/devkitPro/libnx/lib\libnx.a(newlib.o)
                0x000000000000d970                __syscall_lock_acquire_recursive
 *fill*         0x000000000000d974        0xc 
 .text.__syscall_lock_release_recursive
                0x000000000000d980        0x4 D:/Switch-files/projects/devkitPro/libnx/lib\libnx.a(newlib.o)
                0x000000000000d980                __syscall_lock_release_recursive
 *fill*         0x000000000000d984        0xc 
 .text.__libnx_init_time
                0x000000000000d990      0x25c D:/Switch-files/projects/devkitPro/libnx/lib\libnx.a(newlib.o)
                0x000000000000d990                __libnx_init_time
 *fill*         0x000000000000dbec        0x4 
 .text.__syscall_clock_gettime
                0x000000000000dbf0       0xe8 D:/Switch-files/projects/devkitPro/libnx/lib\libnx.a(newlib.o)
                0x000000000000dbf0                __syscall_clock_gettime
 *fill*         0x000000000000dcd8        0x8 
 .text.__syscall_gettod_r
                0x000000000000dce0       0x88 D:/Switch-files/projects/devkitPro/libnx/lib\libnx.a(newlib.o)
                0x000000000000dce0                __syscall_gettod_r
 *fill*         0x000000000000dd68        0x8 
 .text.newlibSetup
                0x000000000000dd70       0x98 D:/Switch-files/projects/devkitPro/libnx/lib\libnx.a(newlib.o)
                0x000000000000dd70                newlibSetup
 *fill*         0x000000000000de08        0x8 
 .text.nxlinkSetup
                0x000000000000de10       0xe8 D:/Switch-files/projects/devkitPro/libnx/lib\libnx.a(nxlink.o)
                0x000000000000de10                nxlinkSetup
 *fill*         0x000000000000def8        0x8 
 .text._convert_errno
                0x000000000000df00       0x30 D:/Switch-files/projects/devkitPro/libnx/lib\libnx.a(convert_errno.o)
                0x000000000000df00                _convert_errno
 .text.fsdev_link
                0x000000000000df30       0x10 D:/Switch-files/projects/devkitPro/libnx/lib\libnx.a(fs_dev.o)
 .text.fsdev_dirreset
                0x000000000000df40       0x10 D:/Switch-files/projects/devkitPro/libnx/lib\libnx.a(fs_dev.o)
 .text.fsdev_chmod
                0x000000000000df50       0x10 D:/Switch-files/projects/devkitPro/libnx/lib\libnx.a(fs_dev.o)
 .text.error_cmp
                0x000000000000df60       0x18 D:/Switch-files/projects/devkitPro/libnx/lib\libnx.a(fs_dev.o)
 *fill*         0x000000000000df78        0x8 
 .text.fsdev_dirclose
                0x000000000000df80       0x20 D:/Switch-files/projects/devkitPro/libnx/lib\libnx.a(fs_dev.o)
 .text.fsdev_close
                0x000000000000dfa0       0x1c D:/Switch-files/projects/devkitPro/libnx/lib\libnx.a(fs_dev.o)
 *fill*         0x000000000000dfbc        0x4 
 .text.fsdev_converttimetoutc
                0x000000000000dfc0       0x74 D:/Switch-files/projects/devkitPro/libnx/lib\libnx.a(fs_dev.o)
 *fill*         0x000000000000e034        0xc 
 .text.fsdevFindDevice.part.0
                0x000000000000e040       0xd4 D:/Switch-files/projects/devkitPro/libnx/lib\libnx.a(fs_dev.o)
 *fill*         0x000000000000e114        0xc 
 .text.fsdev_fixpath
                0x000000000000e120      0x1cc D:/Switch-files/projects/devkitPro/libnx/lib\libnx.a(fs_dev.o)
 *fill*         0x000000000000e2ec        0x4 
 .text._fsdevUnmountDeviceStruct.part.0
                0x000000000000e2f0       0x9c D:/Switch-files/projects/devkitPro/libnx/lib\libnx.a(fs_dev.o)
 *fill*         0x000000000000e38c        0x4 
 .text.fsdev_fchmod
                0x000000000000e390       0x10 D:/Switch-files/projects/devkitPro/libnx/lib\libnx.a(fs_dev.o)
 .text.fsdev_diropen
                0x000000000000e3a0      0x100 D:/Switch-files/projects/devkitPro/libnx/lib\libnx.a(fs_dev.o)
 .text.fsdev_statvfs
                0x000000000000e4a0       0xf8 D:/Switch-files/projects/devkitPro/libnx/lib\libnx.a(fs_dev.o)
 *fill*         0x000000000000e598        0x8 
 .text.fsdev_fsync
                0x000000000000e5a0       0x7c D:/Switch-files/projects/devkitPro/libnx/lib\libnx.a(fs_dev.o)
 *fill*         0x000000000000e61c        0x4 
 .text.fsdev_fstat
                0x000000000000e620       0xec D:/Switch-files/projects/devkitPro/libnx/lib\libnx.a(fs_dev.o)
 *fill*         0x000000000000e70c        0x4 
 .text.fsdev_ftruncate
                0x000000000000e710       0x94 D:/Switch-files/projects/devkitPro/libnx/lib\libnx.a(fs_dev.o)
 *fill*         0x000000000000e7a4        0xc 
 .text.fsdev_stat
                0x000000000000e7b0      0x1d8 D:/Switch-files/projects/devkitPro/libnx/lib\libnx.a(fs_dev.o)
 *fill*         0x000000000000e988        0x8 
 .text.fsdev_rename
                0x000000000000e990      0x14c D:/Switch-files/projects/devkitPro/libnx/lib\libnx.a(fs_dev.o)
 *fill*         0x000000000000eadc        0x4 
 .text.fsdev_chdir
                0x000000000000eae0      0x13c D:/Switch-files/projects/devkitPro/libnx/lib\libnx.a(fs_dev.o)
 *fill*         0x000000000000ec1c        0x4 
 .text.fsdev_rmdir
                0x000000000000ec20       0xa4 D:/Switch-files/projects/devkitPro/libnx/lib\libnx.a(fs_dev.o)
 *fill*         0x000000000000ecc4        0xc 
 .text.fsdev_mkdir
                0x000000000000ecd0       0xa4 D:/Switch-files/projects/devkitPro/libnx/lib\libnx.a(fs_dev.o)
 *fill*         0x000000000000ed74        0xc 
 .text.fsdev_unlink
                0x000000000000ed80       0xa4 D:/Switch-files/projects/devkitPro/libnx/lib\libnx.a(fs_dev.o)
 *fill*         0x000000000000ee24        0xc 
 .text.fsdev_write_safe
                0x000000000000ee30      0x13c D:/Switch-files/projects/devkitPro/libnx/lib\libnx.a(fs_dev.o)
 *fill*         0x000000000000ef6c        0x4 
 .text.fsdev_read_safe
                0x000000000000ef70      0x134 D:/Switch-files/projects/devkitPro/libnx/lib\libnx.a(fs_dev.o)
 *fill*         0x000000000000f0a4        0xc 
 .text.fsdev_read
                0x000000000000f0b0      0x100 D:/Switch-files/projects/devkitPro/libnx/lib\libnx.a(fs_dev.o)
 .text.fsdev_dirnext
                0x000000000000f1b0      0x1d4 D:/Switch-files/projects/devkitPro/libnx/lib\libnx.a(fs_dev.o)
 *fill*         0x000000000000f384        0xc 
 .text.fsdev_write
                0x000000000000f390      0x124 D:/Switch-files/projects/devkitPro/libnx/lib\libnx.a(fs_dev.o)
 *fill*         0x000000000000f4b4        0xc 
 .text.fsdev_seek
                0x000000000000f4c0      0x110 D:/Switch-files/projects/devkitPro/libnx/lib\libnx.a(fs_dev.o)
 .text.fsdev_open
                0x000000000000f5d0      0x230 D:/Switch-files/projects/devkitPro/libnx/lib\libnx.a(fs_dev.o)
 .text.fsdevMountDevice
                0x000000000000f800      0x324 D:/Switch-files/projects/devkitPro/libnx/lib\libnx.a(fs_dev.o)
                0x000000000000f800                fsdevMountDevice
 *fill*         0x000000000000fb24        0xc 
 .text.fsdevMountSdmc
                0x000000000000fb30       0x40 D:/Switch-files/projects/devkitPro/libnx/lib\libnx.a(fs_dev.o)
                0x000000000000fb30                fsdevMountSdmc
 .text.__libnx_init_cwd
                0x000000000000fb70       0xbc D:/Switch-files/projects/devkitPro/libnx/lib\libnx.a(fs_dev.o)
                0x000000000000fb70                __libnx_init_cwd
 *fill*         0x000000000000fc2c        0x4 
 .text.fsdevUnmountAll
                0x000000000000fc30       0x64 D:/Switch-files/projects/devkitPro/libnx/lib\libnx.a(fs_dev.o)
                0x000000000000fc30                fsdevUnmountAll
 *fill*         0x000000000000fc94        0xc 
 .text.decode_utf8
                0x000000000000fca0      0x128 D:/Switch-files/projects/devkitPro/libnx/lib\libnx.a(decode_utf8.o)
                0x000000000000fca0                decode_utf8
 .text.armDCacheFlush
                0x000000000000fdc8       0x4c D:/Switch-files/projects/devkitPro/libnx/lib\libnx.a(cache.o)
                0x000000000000fdc8                armDCacheFlush
 .text.__libnx_exception_entry
                0x000000000000fe14      0x1c0 D:/Switch-files/projects/devkitPro/libnx/lib\libnx.a(exception.o)
                0x000000000000fe14                __libnx_exception_entry
 .text.__libnx_exception_returnentry
                0x000000000000ffd4       0x18 D:/Switch-files/projects/devkitPro/libnx/lib\libnx.a(exception.o)
                0x000000000000ffd4                __libnx_exception_returnentry
 *fill*         0x000000000000ffec        0x4 
 .text.condvarWaitTimeout
                0x000000000000fff0       0x70 D:/Switch-files/projects/devkitPro/libnx/lib\libnx.a(condvar.o)
                0x000000000000fff0                condvarWaitTimeout
 .text.randomGet
                0x0000000000010060      0x410 D:/Switch-files/projects/devkitPro/libnx/lib\libnx.a(random.o)
                0x0000000000010060                randomGet
 .text.randomGet64
                0x0000000000010470       0x20 D:/Switch-files/projects/devkitPro/libnx/lib\libnx.a(random.o)
                0x0000000000010470                randomGet64
 .text.shmemLoadRemote
                0x0000000000010490       0x14 D:/Switch-files/projects/devkitPro/libnx/lib\libnx.a(shmem.o)
                0x0000000000010490                shmemLoadRemote
 *fill*         0x00000000000104a4        0xc 
 .text.shmemMap
                0x00000000000104b0       0x70 D:/Switch-files/projects/devkitPro/libnx/lib\libnx.a(shmem.o)
                0x00000000000104b0                shmemMap
 .text.shmemUnmap
                0x0000000000010520       0x34 D:/Switch-files/projects/devkitPro/libnx/lib\libnx.a(shmem.o)
                0x0000000000010520                shmemUnmap
 *fill*         0x0000000000010554        0xc 
 .text.shmemClose
                0x0000000000010560       0x4c D:/Switch-files/projects/devkitPro/libnx/lib\libnx.a(shmem.o)
                0x0000000000010560                shmemClose
 *fill*         0x00000000000105ac        0x4 
 .text.__libnx_init_thread
                0x00000000000105b0       0xb0 D:/Switch-files/projects/devkitPro/libnx/lib\libnx.a(thread.o)
                0x00000000000105b0                __libnx_init_thread
 .text.sessionmgrCreate
                0x0000000000010660      0x184 D:/Switch-files/projects/devkitPro/libnx/lib\libnx.a(sessionmgr.o)
                0x0000000000010660                sessionmgrCreate
 *fill*         0x00000000000107e4        0xc 
 .text.sessionmgrClose
                0x00000000000107f0       0x84 D:/Switch-files/projects/devkitPro/libnx/lib\libnx.a(sessionmgr.o)
                0x00000000000107f0                sessionmgrClose
 *fill*         0x0000000000010874        0xc 
 .text.sessionmgrAttachClient
                0x0000000000010880       0xa8 D:/Switch-files/projects/devkitPro/libnx/lib\libnx.a(sessionmgr.o)
                0x0000000000010880                sessionmgrAttachClient
 *fill*         0x0000000000010928        0x8 
 .text.sessionmgrDetachClient
                0x0000000000010930       0x60 D:/Switch-files/projects/devkitPro/libnx/lib\libnx.a(sessionmgr.o)
                0x0000000000010930                sessionmgrDetachClient
 .text._fsCleanup
                0x0000000000010990       0xb4 D:/Switch-files/projects/devkitPro/libnx/lib\libnx.a(fs.o)
 *fill*         0x0000000000010a44        0xc 
 .text._fsCmdNoIO
                0x0000000000010a50      0x1c0 D:/Switch-files/projects/devkitPro/libnx/lib\libnx.a(fs.o)
 .text._fsFsCmdWithInPath
                0x0000000000010c10      0x1e0 D:/Switch-files/projects/devkitPro/libnx/lib\libnx.a(fs.o)
 .text._fsFsCmdWithTwoInPaths
                0x0000000000010df0      0x1f8 D:/Switch-files/projects/devkitPro/libnx/lib\libnx.a(fs.o)
 *fill*         0x0000000000010fe8        0x8 
 .text._fsFsOpenCommon
                0x0000000000010ff0      0x28c D:/Switch-files/projects/devkitPro/libnx/lib\libnx.a(fs.o)
 *fill*         0x000000000001127c        0x4 
 .text._fsFsCmdWithInPathAndOutU64
                0x0000000000011280      0x1fc D:/Switch-files/projects/devkitPro/libnx/lib\libnx.a(fs.o)
 *fill*         0x000000000001147c        0x4 
 .text._fsObjectClose
                0x0000000000011480       0xf8 D:/Switch-files/projects/devkitPro/libnx/lib\libnx.a(fs.o)
 *fill*         0x0000000000011578        0x8 
 .text._fsCmdGetSession.constprop.0
                0x0000000000011580      0x17c D:/Switch-files/projects/devkitPro/libnx/lib\libnx.a(fs.o)
 *fill*         0x00000000000116fc        0x4 
 .text.fsInitialize
                0x0000000000011700      0x2f8 D:/Switch-files/projects/devkitPro/libnx/lib\libnx.a(fs.o)
                0x0000000000011700                fsInitialize
 *fill*         0x00000000000119f8        0x8 
 .text.fsExit   0x0000000000011a00       0x48 D:/Switch-files/projects/devkitPro/libnx/lib\libnx.a(fs.o)
                0x0000000000011a00                fsExit
 *fill*         0x0000000000011a48        0x8 
 .text.fsOpenSdCardFileSystem
                0x0000000000011a50        0x8 D:/Switch-files/projects/devkitPro/libnx/lib\libnx.a(fs.o)
                0x0000000000011a50                fsOpenSdCardFileSystem
 *fill*         0x0000000000011a58        0x8 
 .text.fsFsCreateFile
                0x0000000000011a60      0x1ec D:/Switch-files/projects/devkitPro/libnx/lib\libnx.a(fs.o)
                0x0000000000011a60                fsFsCreateFile
 *fill*         0x0000000000011c4c        0x4 
 .text.fsFsDeleteFile
                0x0000000000011c50        0x8 D:/Switch-files/projects/devkitPro/libnx/lib\libnx.a(fs.o)
                0x0000000000011c50                fsFsDeleteFile
 *fill*         0x0000000000011c58        0x8 
 .text.fsFsCreateDirectory
                0x0000000000011c60        0x8 D:/Switch-files/projects/devkitPro/libnx/lib\libnx.a(fs.o)
                0x0000000000011c60                fsFsCreateDirectory
 *fill*         0x0000000000011c68        0x8 
 .text.fsFsDeleteDirectory
                0x0000000000011c70        0x8 D:/Switch-files/projects/devkitPro/libnx/lib\libnx.a(fs.o)
                0x0000000000011c70                fsFsDeleteDirectory
 *fill*         0x0000000000011c78        0x8 
 .text.fsFsRenameFile
                0x0000000000011c80        0x8 D:/Switch-files/projects/devkitPro/libnx/lib\libnx.a(fs.o)
                0x0000000000011c80                fsFsRenameFile
 *fill*         0x0000000000011c88        0x8 
 .text.fsFsRenameDirectory
                0x0000000000011c90        0x8 D:/Switch-files/projects/devkitPro/libnx/lib\libnx.a(fs.o)
                0x0000000000011c90                fsFsRenameDirectory
 *fill*         0x0000000000011c98        0x8 
 .text.fsFsGetEntryType
                0x0000000000011ca0      0x1f0 D:/Switch-files/projects/devkitPro/libnx/lib\libnx.a(fs.o)
                0x0000000000011ca0                fsFsGetEntryType
 .text.fsFsOpenFile
                0x0000000000011e90        0x8 D:/Switch-files/projects/devkitPro/libnx/lib\libnx.a(fs.o)
                0x0000000000011e90                fsFsOpenFile
 *fill*         0x0000000000011e98        0x8 
 .text.fsFsOpenDirectory
                0x0000000000011ea0        0x8 D:/Switch-files/projects/devkitPro/libnx/lib\libnx.a(fs.o)
                0x0000000000011ea0                fsFsOpenDirectory
 *fill*         0x0000000000011ea8        0x8 
 .text.fsFsGetFreeSpace
                0x0000000000011eb0        0x8 D:/Switch-files/projects/devkitPro/libnx/lib\libnx.a(fs.o)
                0x0000000000011eb0                fsFsGetFreeSpace
 *fill*         0x0000000000011eb8        0x8 
 .text.fsFsGetTotalSpace
                0x0000000000011ec0        0x8 D:/Switch-files/projects/devkitPro/libnx/lib\libnx.a(fs.o)
                0x0000000000011ec0                fsFsGetTotalSpace
 *fill*         0x0000000000011ec8        0x8 
 .text.fsFsGetFileTimeStampRaw
                0x0000000000011ed0      0x230 D:/Switch-files/projects/devkitPro/libnx/lib\libnx.a(fs.o)
                0x0000000000011ed0                fsFsGetFileTimeStampRaw
 .text.fsFsClose
                0x0000000000012100        0x4 D:/Switch-files/projects/devkitPro/libnx/lib\libnx.a(fs.o)
                0x0000000000012100                fsFsClose
 *fill*         0x0000000000012104        0xc 
 .text.fsFileRead
                0x0000000000012110      0x214 D:/Switch-files/projects/devkitPro/libnx/lib\libnx.a(fs.o)
                0x0000000000012110                fsFileRead
 *fill*         0x0000000000012324        0xc 
 .text.fsFileWrite
                0x0000000000012330      0x1f8 D:/Switch-files/projects/devkitPro/libnx/lib\libnx.a(fs.o)
                0x0000000000012330                fsFileWrite
 *fill*         0x0000000000012528        0x8 
 .text.fsFileFlush
                0x0000000000012530        0x8 D:/Switch-files/projects/devkitPro/libnx/lib\libnx.a(fs.o)
                0x0000000000012530                fsFileFlush
 *fill*         0x0000000000012538        0x8 
 .text.fsFileSetSize
                0x0000000000012540      0x1c0 D:/Switch-files/projects/devkitPro/libnx/lib\libnx.a(fs.o)
                0x0000000000012540                fsFileSetSize
 .text.fsFileGetSize
                0x0000000000012700      0x1d4 D:/Switch-files/projects/devkitPro/libnx/lib\libnx.a(fs.o)
                0x0000000000012700                fsFileGetSize
 *fill*         0x00000000000128d4        0xc 
 .text.fsFileClose
                0x00000000000128e0        0x4 D:/Switch-files/projects/devkitPro/libnx/lib\libnx.a(fs.o)
                0x00000000000128e0                fsFileClose
 *fill*         0x00000000000128e4        0xc 
 .text.fsDirClose
                0x00000000000128f0        0x4 D:/Switch-files/projects/devkitPro/libnx/lib\libnx.a(fs.o)
                0x00000000000128f0                fsDirClose
 *fill*         0x00000000000128f4        0xc 
 .text.fsDirRead
                0x0000000000012900      0x204 D:/Switch-files/projects/devkitPro/libnx/lib\libnx.a(fs.o)
                0x0000000000012900                fsDirRead
 *fill*         0x0000000000012b04        0xc 
 .text._nvCleanup
                0x0000000000012b10       0xd0 D:/Switch-files/projects/devkitPro/libnx/lib\libnx.a(nv.o)
 .text._nvCmdInitialize.constprop.0
                0x0000000000012be0       0xd4 D:/Switch-files/projects/devkitPro/libnx/lib\libnx.a(nv.o)
 *fill*         0x0000000000012cb4        0xc 
 .text.__nx_nv_create_tmem
                0x0000000000012cc0       0x18 D:/Switch-files/projects/devkitPro/libnx/lib\libnx.a(nv.o)
                0x0000000000012cc0                __nx_nv_create_tmem
 *fill*         0x0000000000012cd8        0x8 
 .text.nvInitialize
                0x0000000000012ce0      0x3a8 D:/Switch-files/projects/devkitPro/libnx/lib\libnx.a(nv.o)
                0x0000000000012ce0                nvInitialize
 *fill*         0x0000000000013088        0x8 
 .text.nvExit   0x0000000000013090       0x48 D:/Switch-files/projects/devkitPro/libnx/lib\libnx.a(nv.o)
                0x0000000000013090                nvExit
 *fill*         0x00000000000130d8        0x8 
 .text.nvConvertError
                0x00000000000130e0       0xf4 D:/Switch-files/projects/devkitPro/libnx/lib\libnx.a(nv.o)
                0x00000000000130e0                nvConvertError
 *fill*         0x00000000000131d4        0xc 
 .text.nvOpen   0x00000000000131e0      0x114 D:/Switch-files/projects/devkitPro/libnx/lib\libnx.a(nv.o)
                0x00000000000131e0                nvOpen
 *fill*         0x00000000000132f4        0xc 
 .text.nvIoctl  0x0000000000013300      0x310 D:/Switch-files/projects/devkitPro/libnx/lib\libnx.a(nv.o)
                0x0000000000013300                nvIoctl
 .text.nvClose  0x0000000000013610       0xd4 D:/Switch-files/projects/devkitPro/libnx/lib\libnx.a(nv.o)
                0x0000000000013610                nvClose
 *fill*         0x00000000000136e4        0xc 
 .text.nvQueryEvent
                0x00000000000136f0      0x10c D:/Switch-files/projects/devkitPro/libnx/lib\libnx.a(nv.o)
                0x00000000000136f0                nvQueryEvent
 *fill*         0x00000000000137fc        0x4 
 .text._timeCleanup
                0x0000000000013800      0x27c D:/Switch-files/projects/devkitPro/libnx/lib\libnx.a(time.o)
 *fill*         0x0000000000013a7c        0x4 
 .text._timeCmdGetSession.constprop.0
                0x0000000000013a80      0x100 D:/Switch-files/projects/devkitPro/libnx/lib\libnx.a(time.o)
 .text._timeReadClockFromSharedMem
                0x0000000000013b80      0x104 D:/Switch-files/projects/devkitPro/libnx/lib\libnx.a(time.o)
 *fill*         0x0000000000013c84        0xc 
 .text.timeInitialize
                0x0000000000013c90      0x300 D:/Switch-files/projects/devkitPro/libnx/lib\libnx.a(time.o)
                0x0000000000013c90                timeInitialize
 .text.timeExit
                0x0000000000013f90       0x48 D:/Switch-files/projects/devkitPro/libnx/lib\libnx.a(time.o)
                0x0000000000013f90                timeExit
 *fill*         0x0000000000013fd8        0x8 
 .text.timeGetServiceSession_SystemClock
                0x0000000000013fe0       0x38 D:/Switch-files/projects/devkitPro/libnx/lib\libnx.a(time.o)
                0x0000000000013fe0                timeGetServiceSession_SystemClock
 *fill*         0x0000000000014018        0x8 
 .text.timeGetCurrentTime
                0x0000000000014020       0xfc D:/Switch-files/projects/devkitPro/libnx/lib\libnx.a(time.o)
                0x0000000000014020                timeGetCurrentTime
 *fill*         0x000000000001411c        0x4 
 .text.timeToCalendarTimeWithMyRule
                0x0000000000014120      0x108 D:/Switch-files/projects/devkitPro/libnx/lib\libnx.a(time.o)
                0x0000000000014120                timeToCalendarTimeWithMyRule
 *fill*         0x0000000000014228        0x8 
 .text.timeToPosixTimeWithMyRule
                0x0000000000014230      0x114 D:/Switch-files/projects/devkitPro/libnx/lib\libnx.a(time.o)
                0x0000000000014230                timeToPosixTimeWithMyRule
 *fill*         0x0000000000014344        0xc 
 .text._viCleanup
                0x0000000000014350      0x230 D:/Switch-files/projects/devkitPro/libnx/lib\libnx.a(vi.o)
 .text._viCmdGetSessionNoParams.constprop.0
                0x0000000000014580      0x100 D:/Switch-files/projects/devkitPro/libnx/lib\libnx.a(vi.o)
 .text.viInitialize
                0x0000000000014680      0x368 D:/Switch-files/projects/devkitPro/libnx/lib\libnx.a(vi.o)
                0x0000000000014680                viInitialize
 *fill*         0x00000000000149e8        0x8 
 .text.viExit   0x00000000000149f0       0x48 D:/Switch-files/projects/devkitPro/libnx/lib\libnx.a(vi.o)
                0x00000000000149f0                viExit
 *fill*         0x0000000000014a38        0x8 
 .text.viGetSession_IHOSBinderDriverRelay
                0x0000000000014a40        0xc D:/Switch-files/projects/devkitPro/libnx/lib\libnx.a(vi.o)
                0x0000000000014a40                viGetSession_IHOSBinderDriverRelay
 *fill*         0x0000000000014a4c        0x4 
 .text.viOpenDisplay
                0x0000000000014a50      0x10c D:/Switch-files/projects/devkitPro/libnx/lib\libnx.a(vi.o)
                0x0000000000014a50                viOpenDisplay
 *fill*         0x0000000000014b5c        0x4 
 .text.viCloseDisplay
                0x0000000000014b60       0xec D:/Switch-files/projects/devkitPro/libnx/lib\libnx.a(vi.o)
                0x0000000000014b60                viCloseDisplay
 *fill*         0x0000000000014c4c        0x4 
 .text.viCloseLayer
                0x0000000000014c50       0xf4 D:/Switch-files/projects/devkitPro/libnx/lib\libnx.a(vi.o)
                0x0000000000014c50                viCloseLayer
 *fill*         0x0000000000014d44        0xc 
 .text.viCreateLayer
                0x0000000000014d50      0x394 D:/Switch-files/projects/devkitPro/libnx/lib\libnx.a(vi.o)
                0x0000000000014d50                viCreateLayer
 *fill*         0x00000000000150e4        0xc 
 .text.viSetLayerScalingMode
                0x00000000000150f0       0xd8 D:/Switch-files/projects/devkitPro/libnx/lib\libnx.a(vi.o)
                0x00000000000150f0                viSetLayerScalingMode
 *fill*         0x00000000000151c8        0x8 
 .text._nvFenceCleanup
                0x00000000000151d0       0x74 D:/Switch-files/projects/devkitPro/libnx/lib\libnx.a(fence.o)
 *fill*         0x0000000000015244        0xc 
 .text.nvFenceInit
                0x0000000000015250       0x98 D:/Switch-files/projects/devkitPro/libnx/lib\libnx.a(fence.o)
                0x0000000000015250                nvFenceInit
 *fill*         0x00000000000152e8        0x8 
 .text.nvFenceExit
                0x00000000000152f0       0x48 D:/Switch-files/projects/devkitPro/libnx/lib\libnx.a(fence.o)
                0x00000000000152f0                nvFenceExit
 *fill*         0x0000000000015338        0x8 
 .text.nvFenceWait
                0x0000000000015340      0x290 D:/Switch-files/projects/devkitPro/libnx/lib\libnx.a(fence.o)
                0x0000000000015340                nvFenceWait
 .text.nvMultiFenceWait
                0x00000000000155d0       0x7c D:/Switch-files/projects/devkitPro/libnx/lib\libnx.a(fence.o)
                0x00000000000155d0                nvMultiFenceWait
 *fill*         0x000000000001564c        0x4 
 .text.nvMapInit
                0x0000000000015650       0xac D:/Switch-files/projects/devkitPro/libnx/lib\libnx.a(map.o)
                0x0000000000015650                nvMapInit
 *fill*         0x00000000000156fc        0x4 
 .text.nvMapExit
                0x0000000000015700       0x74 D:/Switch-files/projects/devkitPro/libnx/lib\libnx.a(map.o)
                0x0000000000015700                nvMapExit
 *fill*         0x0000000000015774        0xc 
 .text.nvMapClose
                0x0000000000015780       0x8c D:/Switch-files/projects/devkitPro/libnx/lib\libnx.a(map.o)
                0x0000000000015780                nvMapClose
 *fill*         0x000000000001580c        0x4 
 .text.nvMapCreate
                0x0000000000015810      0x160 D:/Switch-files/projects/devkitPro/libnx/lib\libnx.a(map.o)
                0x0000000000015810                nvMapCreate
 .text.nvioctlNvhostCtrl_EventSignal
                0x0000000000015970       0x24 D:/Switch-files/projects/devkitPro/libnx/lib\libnx.a(nvhost-ctrl.o)
                0x0000000000015970                nvioctlNvhostCtrl_EventSignal
 *fill*         0x0000000000015994        0xc 
 .text.nvioctlNvhostCtrl_EventWait
                0x00000000000159a0       0x3c D:/Switch-files/projects/devkitPro/libnx/lib\libnx.a(nvhost-ctrl.o)
                0x00000000000159a0                nvioctlNvhostCtrl_EventWait
 *fill*         0x00000000000159dc        0x4 
 .text.nvioctlNvhostCtrl_EventWaitAsync
                0x00000000000159e0       0x28 D:/Switch-files/projects/devkitPro/libnx/lib\libnx.a(nvhost-ctrl.o)
                0x00000000000159e0                nvioctlNvhostCtrl_EventWaitAsync
 *fill*         0x0000000000015a08        0x8 
 .text.nvioctlNvhostCtrl_EventRegister
                0x0000000000015a10       0x24 D:/Switch-files/projects/devkitPro/libnx/lib\libnx.a(nvhost-ctrl.o)
                0x0000000000015a10                nvioctlNvhostCtrl_EventRegister
 *fill*         0x0000000000015a34        0xc 
 .text.nvioctlNvhostCtrl_EventUnregister
                0x0000000000015a40       0x24 D:/Switch-files/projects/devkitPro/libnx/lib\libnx.a(nvhost-ctrl.o)
                0x0000000000015a40                nvioctlNvhostCtrl_EventUnregister
 *fill*         0x0000000000015a64        0xc 
 .text.nvioctlNvmap_Create
                0x0000000000015a70       0x3c D:/Switch-files/projects/devkitPro/libnx/lib\libnx.a(nvmap.o)
                0x0000000000015a70                nvioctlNvmap_Create
 *fill*         0x0000000000015aac        0x4 
 .text.nvioctlNvmap_Alloc
                0x0000000000015ab0       0x30 D:/Switch-files/projects/devkitPro/libnx/lib\libnx.a(nvmap.o)
                0x0000000000015ab0                nvioctlNvmap_Alloc
 .text.nvioctlNvmap_Free
                0x0000000000015ae0       0x30 D:/Switch-files/projects/devkitPro/libnx/lib\libnx.a(nvmap.o)
                0x0000000000015ae0                nvioctlNvmap_Free
 .text.nvioctlNvmap_GetId
                0x0000000000015b10       0x3c D:/Switch-files/projects/devkitPro/libnx/lib\libnx.a(nvmap.o)
                0x0000000000015b10                nvioctlNvmap_GetId
 *fill*         0x0000000000015b4c        0x4 
 .text.binderCreate
                0x0000000000015b50       0x1c D:/Switch-files/projects/devkitPro/libnx/lib\libnx.a(binder.o)
                0x0000000000015b50                binderCreate
 *fill*         0x0000000000015b6c        0x4 
 .text.binderTransactParcel
                0x0000000000015b70      0x35c D:/Switch-files/projects/devkitPro/libnx/lib\libnx.a(binder.o)
                0x0000000000015b70                binderTransactParcel
 *fill*         0x0000000000015ecc        0x4 
 .text.binderConvertErrorCode
                0x0000000000015ed0       0xe8 D:/Switch-files/projects/devkitPro/libnx/lib\libnx.a(binder.o)
                0x0000000000015ed0                binderConvertErrorCode
 *fill*         0x0000000000015fb8        0x8 
 .text.binderAdjustRefcount
                0x0000000000015fc0      0x124 D:/Switch-files/projects/devkitPro/libnx/lib\libnx.a(binder.o)
                0x0000000000015fc0                binderAdjustRefcount
 *fill*         0x00000000000160e4        0xc 
 .text.binderInitSession
                0x00000000000160f0       0x9c D:/Switch-files/projects/devkitPro/libnx/lib\libnx.a(binder.o)
                0x00000000000160f0                binderInitSession
 *fill*         0x000000000001618c        0x4 
 .text.binderClose
                0x0000000000016190       0x5c D:/Switch-files/projects/devkitPro/libnx/lib\libnx.a(binder.o)
                0x0000000000016190                binderClose
 *fill*         0x00000000000161ec        0x4 
 .text.binderGetNativeHandle
                0x00000000000161f0      0x154 D:/Switch-files/projects/devkitPro/libnx/lib\libnx.a(binder.o)
                0x00000000000161f0                binderGetNativeHandle
 *fill*         0x0000000000016344        0xc 
 .text.bqRequestBuffer
                0x0000000000016350       0xc8 D:/Switch-files/projects/devkitPro/libnx/lib\libnx.a(buffer_producer.o)
                0x0000000000016350                bqRequestBuffer
 *fill*         0x0000000000016418        0x8 
 .text.bqDequeueBuffer
                0x0000000000016420      0x128 D:/Switch-files/projects/devkitPro/libnx/lib\libnx.a(buffer_producer.o)
                0x0000000000016420                bqDequeueBuffer
 *fill*         0x0000000000016548        0x8 
 .text.bqQueueBuffer
                0x0000000000016550       0xc8 D:/Switch-files/projects/devkitPro/libnx/lib\libnx.a(buffer_producer.o)
                0x0000000000016550                bqQueueBuffer
 *fill*         0x0000000000016618        0x8 
 .text.bqCancelBuffer
                0x0000000000016620       0x84 D:/Switch-files/projects/devkitPro/libnx/lib\libnx.a(buffer_producer.o)
                0x0000000000016620                bqCancelBuffer
 *fill*         0x00000000000166a4        0xc 
 .text.bqConnect
                0x00000000000166b0       0xd0 D:/Switch-files/projects/devkitPro/libnx/lib\libnx.a(buffer_producer.o)
                0x00000000000166b0                bqConnect
 .text.bqDisconnect
                0x0000000000016780       0x88 D:/Switch-files/projects/devkitPro/libnx/lib\libnx.a(buffer_producer.o)
                0x0000000000016780                bqDisconnect
 *fill*         0x0000000000016808        0x8 
 .text.bqSetPreallocatedBuffer
                0x0000000000016810      0x194 D:/Switch-files/projects/devkitPro/libnx/lib\libnx.a(buffer_producer.o)
                0x0000000000016810                bqSetPreallocatedBuffer
 *fill*         0x00000000000169a4        0xc 
 .text.parcelCreate
                0x00000000000169b0       0x30 D:/Switch-files/projects/devkitPro/libnx/lib\libnx.a(parcel.o)
                0x00000000000169b0                parcelCreate
 .text.parcelTransact
                0x00000000000169e0      0x174 D:/Switch-files/projects/devkitPro/libnx/lib\libnx.a(parcel.o)
                0x00000000000169e0                parcelTransact
 *fill*         0x0000000000016b54        0xc 
 .text.parcelWriteData
                0x0000000000016b60       0x80 D:/Switch-files/projects/devkitPro/libnx/lib\libnx.a(parcel.o)
                0x0000000000016b60                parcelWriteData
 .text.parcelReadData
                0x0000000000016be0       0x88 D:/Switch-files/projects/devkitPro/libnx/lib\libnx.a(parcel.o)
                0x0000000000016be0                parcelReadData
 *fill*         0x0000000000016c68        0x8 
 .text.parcelWriteInt32
                0x0000000000016c70       0x20 D:/Switch-files/projects/devkitPro/libnx/lib\libnx.a(parcel.o)
                0x0000000000016c70                parcelWriteInt32
 .text.parcelWriteUInt32
                0x0000000000016c90       0x20 D:/Switch-files/projects/devkitPro/libnx/lib\libnx.a(parcel.o)
                0x0000000000016c90                parcelWriteUInt32
 .text.parcelWriteString16
                0x0000000000016cb0       0x7c D:/Switch-files/projects/devkitPro/libnx/lib\libnx.a(parcel.o)
                0x0000000000016cb0                parcelWriteString16
 *fill*         0x0000000000016d2c        0x4 
 .text.parcelWriteInterfaceToken
                0x0000000000016d30       0x30 D:/Switch-files/projects/devkitPro/libnx/lib\libnx.a(parcel.o)
                0x0000000000016d30                parcelWriteInterfaceToken
 .text.parcelReadInt32
                0x0000000000016d60       0x24 D:/Switch-files/projects/devkitPro/libnx/lib\libnx.a(parcel.o)
                0x0000000000016d60                parcelReadInt32
 *fill*         0x0000000000016d84        0xc 
 .text.parcelReadFlattenedObject
                0x0000000000016d90       0x68 D:/Switch-files/projects/devkitPro/libnx/lib\libnx.a(parcel.o)
                0x0000000000016d90                parcelReadFlattenedObject
 *fill*         0x0000000000016df8        0x8 
 .text.parcelWriteFlattenedObject
                0x0000000000016e00       0x44 D:/Switch-files/projects/devkitPro/libnx/lib\libnx.a(parcel.o)
                0x0000000000016e00                parcelWriteFlattenedObject
 *fill*         0x0000000000016e44       0x3c 
 .text          0x0000000000016e80      0x104 D:/Switch-files/projects/devkitPro/devkitA64/bin/../lib/gcc/aarch64-none-elf/15.1.0/../../../../aarch64-none-elf/lib/pic\libg.a(libc_a-strrchr.o)
                0x0000000000016e80                strrchr
 *fill*         0x0000000000016f84       0x1c 
 .text._fgets_r
                0x0000000000016fa0      0x184 D:/Switch-files/projects/devkitPro/devkitA64/bin/../lib/gcc/aarch64-none-elf/15.1.0/../../../../aarch64-none-elf/lib/pic\libg.a(libc_a-fgets.o)
                0x0000000000016fa0                _fgets_r
 *fill*         0x0000000000017124       0x1c 
 .text.fgets    0x0000000000017140       0x34 D:/Switch-files/projects/devkitPro/devkitA64/bin/../lib/gcc/aarch64-none-elf/15.1.0/../../../../aarch64-none-elf/lib/pic\libg.a(libc_a-fgets.o)
                0x0000000000017140                fgets
 *fill*         0x0000000000017174        0xc 
 .text._fclose_r
                0x0000000000017180      0x130 D:/Switch-files/projects/devkitPro/devkitA64/bin/../lib/gcc/aarch64-none-elf/15.1.0/../../../../aarch64-none-elf/lib/pic\libg.a(libc_a-fclose.o)
                0x0000000000017180                _fclose_r
 *fill*         0x00000000000172b0       0x10 
 .text.fclose   0x00000000000172c0       0x1c D:/Switch-files/projects/devkitPro/devkitA64/bin/../lib/gcc/aarch64-none-elf/15.1.0/../../../../aarch64-none-elf/lib/pic\libg.a(libc_a-fclose.o)
                0x00000000000172c0                fclose
 *fill*         0x00000000000172dc       0x24 
 .text          0x0000000000017300      0x104 D:/Switch-files/projects/devkitPro/devkitA64/bin/../lib/gcc/aarch64-none-elf/15.1.0/../../../../aarch64-none-elf/lib/pic\libg.a(libc_a-memset.o)
                0x0000000000017300                memset
 *fill*         0x0000000000017404       0x1c 
 .text._fputs_r
                0x0000000000017420       0xb8 D:/Switch-files/projects/devkitPro/devkitA64/bin/../lib/gcc/aarch64-none-elf/15.1.0/../../../../aarch64-none-elf/lib/pic\libg.a(libc_a-fputs.o)
                0x0000000000017420                _fputs_r
 *fill*         0x00000000000174d8        0x8 
 .text.fputs    0x00000000000174e0       0x2c D:/Switch-files/projects/devkitPro/devkitA64/bin/../lib/gcc/aarch64-none-elf/15.1.0/../../../../aarch64-none-elf/lib/pic\libg.a(libc_a-fputs.o)
                0x00000000000174e0                fputs
 *fill*         0x000000000001750c       0x14 
 .text.setenv   0x0000000000017520       0x34 D:/Switch-files/projects/devkitPro/devkitA64/bin/../lib/gcc/aarch64-none-elf/15.1.0/../../../../aarch64-none-elf/lib/pic\libg.a(libc_a-setenv.o)
                0x0000000000017520                setenv
 *fill*         0x0000000000017554        0xc 
 .text.fprintf  0x0000000000017560       0x80 D:/Switch-files/projects/devkitPro/devkitA64/bin/../lib/gcc/aarch64-none-elf/15.1.0/../../../../aarch64-none-elf/lib/pic\libg.a(libc_a-fprintf.o)
                0x0000000000017560                fprintf
 .text.stat     0x00000000000175e0       0x2c D:/Switch-files/projects/devkitPro/devkitA64/bin/../lib/gcc/aarch64-none-elf/15.1.0/../../../../aarch64-none-elf/lib/pic\libg.a(libc_a-sysstat.o)
                0x00000000000175e0                stat
 *fill*         0x000000000001760c       0x34 
 .text          0x0000000000017640      0x134 D:/Switch-files/projects/devkitPro/devkitA64/bin/../lib/gcc/aarch64-none-elf/15.1.0/../../../../aarch64-none-elf/lib/pic\libg.a(libc_a-strcmp.o)
                0x0000000000017640                strcmp
 *fill*         0x0000000000017774        0xc 
 .text._fwrite_r
                0x0000000000017780       0xf4 D:/Switch-files/projects/devkitPro/devkitA64/bin/../lib/gcc/aarch64-none-elf/15.1.0/../../../../aarch64-none-elf/lib/pic\libg.a(libc_a-fwrite.o)
                0x0000000000017780                _fwrite_r
 *fill*         0x0000000000017874        0xc 
 .text.fwrite   0x0000000000017880       0x34 D:/Switch-files/projects/devkitPro/devkitA64/bin/../lib/gcc/aarch64-none-elf/15.1.0/../../../../aarch64-none-elf/lib/pic\libg.a(libc_a-fwrite.o)
                0x0000000000017880                fwrite
 *fill*         0x00000000000178b4        0xc 
 .text          0x00000000000178c0      0x1b4 D:/Switch-files/projects/devkitPro/devkitA64/bin/../lib/gcc/aarch64-none-elf/15.1.0/../../../../aarch64-none-elf/lib/pic\libg.a(libc_a-strncmp.o)
                0x00000000000178c0                strncmp
 *fill*         0x0000000000017a74        0xc 
 .text          0x0000000000017a80       0xdc D:/Switch-files/projects/devkitPro/devkitA64/bin/../lib/gcc/aarch64-none-elf/15.1.0/../../../../aarch64-none-elf/lib/pic\libg.a(libc_a-memchr.o)
                0x0000000000017a80                memchr
 *fill*         0x0000000000017b5c        0x4 
 .text.stdio_exit_handler
                0x0000000000017b60       0x1c D:/Switch-files/projects/devkitPro/devkitA64/bin/../lib/gcc/aarch64-none-elf/15.1.0/../../../../aarch64-none-elf/lib/pic\libg.a(libc_a-findfp.o)
 *fill*         0x0000000000017b7c        0x4 
 .text.cleanup_stdio
                0x0000000000017b80       0x6c D:/Switch-files/projects/devkitPro/devkitA64/bin/../lib/gcc/aarch64-none-elf/15.1.0/../../../../aarch64-none-elf/lib/pic\libg.a(libc_a-findfp.o)
 *fill*         0x0000000000017bec       0x14 
 .text.global_stdio_init.part.0
                0x0000000000017c00      0x134 D:/Switch-files/projects/devkitPro/devkitA64/bin/../lib/gcc/aarch64-none-elf/15.1.0/../../../../aarch64-none-elf/lib/pic\libg.a(libc_a-findfp.o)
 *fill*         0x0000000000017d34        0xc 
 .text.__sfp_lock_acquire
                0x0000000000017d40        0xc D:/Switch-files/projects/devkitPro/devkitA64/bin/../lib/gcc/aarch64-none-elf/15.1.0/../../../../aarch64-none-elf/lib/pic\libg.a(libc_a-findfp.o)
                0x0000000000017d40                __sfp_lock_acquire
 *fill*         0x0000000000017d4c       0x14 
 .text.__sfp_lock_release
                0x0000000000017d60        0xc D:/Switch-files/projects/devkitPro/devkitA64/bin/../lib/gcc/aarch64-none-elf/15.1.0/../../../../aarch64-none-elf/lib/pic\libg.a(libc_a-findfp.o)
                0x0000000000017d60                __sfp_lock_release
 *fill*         0x0000000000017d6c       0x14 
 .text.__sfp    0x0000000000017d80      0x138 D:/Switch-files/projects/devkitPro/devkitA64/bin/../lib/gcc/aarch64-none-elf/15.1.0/../../../../aarch64-none-elf/lib/pic\libg.a(libc_a-findfp.o)
                0x0000000000017d80                __sfp
 *fill*         0x0000000000017eb8        0x8 
 .text.__sinit  0x0000000000017ec0       0x54 D:/Switch-files/projects/devkitPro/devkitA64/bin/../lib/gcc/aarch64-none-elf/15.1.0/../../../../aarch64-none-elf/lib/pic\libg.a(libc_a-findfp.o)
                0x0000000000017ec0                __sinit
 *fill*         0x0000000000017f14        0xc 
 .text._strtoul_l.isra.0
                0x0000000000017f20      0x1a4 D:/Switch-files/projects/devkitPro/devkitA64/bin/../lib/gcc/aarch64-none-elf/15.1.0/../../../../aarch64-none-elf/lib/pic\libg.a(libc_a-strtoul.o)
 *fill*         0x00000000000180c4       0x1c 
 .text._strtoul_r
                0x00000000000180e0       0x34 D:/Switch-files/projects/devkitPro/devkitA64/bin/../lib/gcc/aarch64-none-elf/15.1.0/../../../../aarch64-none-elf/lib/pic\libg.a(libc_a-strtoul.o)
                0x00000000000180e0                _strtoul_r
 *fill*         0x0000000000018114        0xc 
 .text.strtoul  0x0000000000018120       0x40 D:/Switch-files/projects/devkitPro/devkitA64/bin/../lib/gcc/aarch64-none-elf/15.1.0/../../../../aarch64-none-elf/lib/pic\libg.a(libc_a-strtoul.o)
                0x0000000000018120                strtoul
 .text.__libc_init_array
                0x0000000000018160       0xa4 D:/Switch-files/projects/devkitPro/devkitA64/bin/../lib/gcc/aarch64-none-elf/15.1.0/../../../../aarch64-none-elf/lib/pic\libg.a(libc_a-init.o)
                0x0000000000018160                __libc_init_array
 *fill*         0x0000000000018204       0x1c 
 .text.rename   0x0000000000018220       0x2c D:/Switch-files/projects/devkitPro/devkitA64/bin/../lib/gcc/aarch64-none-elf/15.1.0/../../../../aarch64-none-elf/lib/pic\libg.a(libc_a-rename.o)
                0x0000000000018220                rename
 *fill*         0x000000000001824c       0x14 
 .text.strncat  0x0000000000018260       0x88 D:/Switch-files/projects/devkitPro/devkitA64/bin/../lib/gcc/aarch64-none-elf/15.1.0/../../../../aarch64-none-elf/lib/pic\libg.a(libc_a-strncat.o)
                0x0000000000018260                strncat
 *fill*         0x00000000000182e8       0x18 
 .text._fwalk_sglue
                0x0000000000018300       0x98 D:/Switch-files/projects/devkitPro/devkitA64/bin/../lib/gcc/aarch64-none-elf/15.1.0/../../../../aarch64-none-elf/lib/pic\libg.a(libc_a-fwalk.o)
                0x0000000000018300                _fwalk_sglue
 *fill*         0x0000000000018398        0x8 
 .text.bsearch  0x00000000000183a0       0xb4 D:/Switch-files/projects/devkitPro/devkitA64/bin/../lib/gcc/aarch64-none-elf/15.1.0/../../../../aarch64-none-elf/lib/pic\libg.a(libc_a-bsearch.o)
                0x00000000000183a0                bsearch
 *fill*         0x0000000000018454        0xc 
 .text._tzset_unlocked
                0x0000000000018460       0x14 D:/Switch-files/projects/devkitPro/devkitA64/bin/../lib/gcc/aarch64-none-elf/15.1.0/../../../../aarch64-none-elf/lib/pic\libg.a(libc_a-tzset.o)
                0x0000000000018460                _tzset_unlocked
 *fill*         0x0000000000018474        0xc 